2022-01-12 03:21:35,889 807671 INFO pro15 odoo.modules.loading: Model library.book.copy is declared but cannot be loaded! (Perhaps a module was partially removed or renamed) 
2022-01-12 03:21:36,125 807671 INFO pro15 odoo.addons.base.models.ir_model: Deleting 980@ir.model.access (my_library.access_library_book_user) 
2022-01-12 03:21:36,879 807671 INFO pro15 odoo.models.unlink: User #1 deleted ir.model.data records with IDs: [91080] 
2022-01-12 03:21:36,879 807671 INFO pro15 odoo.models.unlink: User #1 deleted ir.model.access records with IDs: [980] 
2022-01-12 03:21:36,882 807671 INFO pro15 odoo.addons.base.models.ir_model: Deleting 44@res.partner (my_library.res_partner_packt) 
2022-01-12 03:21:36,961 807671 INFO pro15 odoo.models.unlink: User #1 deleted ir.model.data records with IDs: [90860] 
2022-01-12 03:21:36,962 807671 INFO pro15 odoo.models.unlink: User #1 deleted res.partner records with IDs: [44] 
2022-01-12 03:21:36,968 807671 INFO pro15 odoo.addons.base.models.ir_model: Deleting 1312@ir.model.fields.selection (my_library.selection__library_book_copy__state__lost) 
2022-01-12 03:21:36,977 807671 WARNING pro15 odoo.modules.loading: Transient module states were reset 
2022-01-12 03:21:36,980 807671 ERROR pro15 odoo.modules.registry: Failed to load registry 
2022-01-12 03:21:36,980 807671 CRITICAL pro15 odoo.service.server: Failed to initialize database `pro15`. 
Traceback (most recent call last):
  File "/home/thinhnv/Desktop/Odoo/99.Odoo14/server/odoo/service/server.py", line 1199, in preload_registries
    registry = Registry.new(dbname, update_module=update_module)
  File "/home/thinhnv/Desktop/Odoo/99.Odoo14/server/odoo/modules/registry.py", line 89, in new
    odoo.modules.load_modules(registry._db, force_demo, status, update_module)
  File "/home/thinhnv/Desktop/Odoo/99.Odoo14/server/odoo/modules/loading.py", line 503, in load_modules
    env['ir.model.data']._process_end(processed_modules)
  File "/home/thinhnv/Desktop/Odoo/99.Odoo14/server/odoo/addons/base/models/ir_model.py", line 2296, in _process_end
    record.unlink()
  File "/home/thinhnv/Desktop/Odoo/99.Odoo14/server/odoo/addons/base/models/ir_model.py", line 1370, in unlink
    self._process_ondelete()
  File "/home/thinhnv/Desktop/Odoo/99.Odoo14/server/odoo/addons/base/models/ir_model.py", line 1408, in _process_ondelete
    Model = self.env[selection.field_id.model]
  File "/home/thinhnv/Desktop/Odoo/99.Odoo14/server/odoo/api.py", line 476, in __getitem__
    return self.registry[model_name]._browse(self, (), ())
  File "/home/thinhnv/Desktop/Odoo/99.Odoo14/server/odoo/modules/registry.py", line 177, in __getitem__
    return self.models[model_name]
KeyError: 'library.book.copy'
2022-01-12 03:23:00,849 808423 INFO ? odoo: Odoo version 14.0 
2022-01-12 03:23:00,850 808423 INFO ? odoo: Using configuration file at /home/thinhnv/Desktop/Odoo/05.Config/config.cfg 
2022-01-12 03:23:00,851 808423 INFO ? odoo: addons paths: ['/home/thinhnv/Desktop/Odoo/99.Odoo14/server/odoo/addons', '/home/thinhnv/Desktop/Odoo/03.Filestore/filestore/addons/14.0', '/home/thinhnv/Desktop/Odoo/99.Odoo14/server/addons', '/home/thinhnv/Desktop/Odoo/99.Odoo14/myAddon', '/home/thinhnv/Desktop/Odoo/99.Odoo14/server/odoo'] 
2022-01-12 03:23:00,851 808423 INFO ? odoo: database: thinhnv@localhost:5432 
2022-01-12 03:23:01,257 808423 INFO ? odoo.addons.base.models.ir_actions_report: You need Wkhtmltopdf to print a pdf version of the reports. 
2022-01-12 03:23:01,502 808423 INFO ? odoo.service.server: HTTP service (werkzeug) running on localhost:8014 
2022-01-12 03:23:01,519 808423 INFO pro15 odoo.modules.loading: loading 1 modules... 
2022-01-12 03:23:01,558 808423 INFO pro15 odoo.modules.loading: 1 modules loaded in 0.04s, 0 queries (+0 extra) 
2022-01-12 03:23:01,739 808423 INFO pro15 odoo.modules.loading: updating modules list 
2022-01-12 03:23:01,744 808423 INFO pro15 odoo.addons.base.models.ir_module: ALLOW access to module.update_list on [] to user __system__ #1 via n/a 
2022-01-12 03:23:03,924 808423 INFO pro15 odoo.addons.base.models.ir_module: ALLOW access to module.button_upgrade on ['My library'] to user __system__ #1 via n/a 
2022-01-12 03:23:03,924 808423 INFO pro15 odoo.addons.base.models.ir_module: ALLOW access to module.update_list on ['My library'] to user __system__ #1 via n/a 
2022-01-12 03:23:05,680 808423 INFO pro15 odoo.addons.base.models.ir_module: ALLOW access to module.button_install on [] to user __system__ #1 via n/a 
2022-01-12 03:23:05,822 808423 INFO pro15 odoo.modules.loading: loading 68 modules... 
2022-01-12 03:23:05,831 808423 WARNING pro15 odoo.models: The model salary has no _description 
2022-01-12 03:23:05,831 808423 WARNING pro15 odoo.models: The model intrutor has no _description 
2022-01-12 03:23:05,831 808423 INFO pro15 odoo.modules.loading: Loading module my_library (3/68) 
2022-01-12 03:23:05,880 808423 WARNING pro15 odoo.models: The model library.book.category has no _description 
2022-01-12 03:23:05,880 808423 WARNING pro15 odoo.models: The model library.book.rent has no _description 
2022-01-12 03:23:05,920 808423 INFO pro15 odoo.modules.registry: module my_library: creating or updating database tables 
2022-01-12 03:23:05,970 808423 INFO pro15 odoo.schema: Keep unexpected index library_book_name_index on table library_book 
2022-01-12 03:23:06,239 808423 INFO pro15 odoo.modules.loading: loading my_library/security/groups.xml 
2022-01-12 03:23:06,351 808423 INFO pro15 odoo.modules.loading: loading my_library/security/ir.model.access.csv 
2022-01-12 03:23:06,517 808423 INFO pro15 odoo.modules.loading: loading my_library/views/librarybook.xml 
2022-01-12 03:23:06,632 808423 INFO pro15 odoo.modules.loading: loading my_library/views/library_book_categ.xml 
2022-01-12 03:23:06,708 808423 INFO pro15 odoo.modules.loading: loading my_library/views/library_book_rent.xml 
2022-01-12 03:23:06,828 808423 INFO pro15 odoo.modules.loading: Module my_library loaded in 1.00s, 269 queries 
2022-01-12 03:23:06,844 808423 WARNING pro15 odoo.models: The model salary has no _description 
2022-01-12 03:23:06,844 808423 WARNING pro15 odoo.models: The model intrutor has no _description 
2022-01-12 03:23:06,845 808423 WARNING pro15 odoo.models: The model library.book.category has no _description 
2022-01-12 03:23:06,845 808423 WARNING pro15 odoo.models: The model library.book.rent has no _description 
2022-01-12 03:23:06,883 808423 WARNING pro15 odoo.models: The model salary has no _description 
2022-01-12 03:23:06,883 808423 WARNING pro15 odoo.models: The model intrutor has no _description 
2022-01-12 03:23:06,883 808423 WARNING pro15 odoo.models: The model library.book.category has no _description 
2022-01-12 03:23:06,883 808423 WARNING pro15 odoo.models: The model library.book.rent has no _description 
2022-01-12 03:23:06,914 808423 INFO pro15 odoo.modules.loading: Loading module my_library_return (12/68) 
2022-01-12 03:23:07,209 808423 WARNING pro15 odoo.models: The model library.book.category has no _description 
2022-01-12 03:23:07,258 808423 INFO pro15 odoo.modules.registry: module my_library_return: creating or updating database tables 
2022-01-12 03:23:07,294 808423 INFO pro15 odoo.schema: Keep unexpected index library_book_name_index on table library_book 
2022-01-12 03:23:07,464 808423 INFO pro15 odoo.modules.loading: loading my_library_return/security/ir.model.access.csv 
2022-01-12 03:23:07,516 808423 INFO pro15 odoo.modules.loading: loading my_library_return/views/library_book.xml 
2022-01-12 03:23:07,606 808423 INFO pro15 odoo.modules.loading: Module my_library_return loaded in 0.69s, 106 queries 
2022-01-12 03:23:07,859 808423 WARNING pro15 odoo.models: The model salary has no _description 
2022-01-12 03:23:07,859 808423 WARNING pro15 odoo.models: The model intrutor has no _description 
2022-01-12 03:23:07,859 808423 WARNING pro15 odoo.models: The model library.book.category has no _description 
2022-01-12 03:23:07,860 808423 WARNING pro15 odoo.models: The model library.book.rent has no _description 
2022-01-12 03:23:07,892 808423 WARNING pro15 odoo.models: The model salary has no _description 
2022-01-12 03:23:07,892 808423 WARNING pro15 odoo.models: The model intrutor has no _description 
2022-01-12 03:23:07,893 808423 WARNING pro15 odoo.models: The model library.book.category has no _description 
2022-01-12 03:23:07,893 808423 WARNING pro15 odoo.models: The model library.book.rent has no _description 
2022-01-12 03:23:08,197 808423 WARNING pro15 odoo.models: The model product.pet has no _description 
2022-01-12 03:23:08,934 808423 INFO pro15 odoo.modules.loading: 68 modules loaded in 3.11s, 375 queries (+0 extra) 
2022-01-12 03:23:10,419 808423 INFO pro15 odoo.modules.loading: Model library.book.copy is declared but cannot be loaded! (Perhaps a module was partially removed or renamed) 
2022-01-12 03:23:10,633 808423 INFO pro15 odoo.addons.base.models.ir_model: Deleting 980@ir.model.access (my_library.access_library_book_user) 
2022-01-12 03:23:11,292 808423 INFO pro15 odoo.models.unlink: User #1 deleted ir.model.data records with IDs: [91080] 
2022-01-12 03:23:11,293 808423 INFO pro15 odoo.models.unlink: User #1 deleted ir.model.access records with IDs: [980] 
2022-01-12 03:23:11,295 808423 INFO pro15 odoo.addons.base.models.ir_model: Deleting 44@res.partner (my_library.res_partner_packt) 
2022-01-12 03:23:11,379 808423 INFO pro15 odoo.models.unlink: User #1 deleted ir.model.data records with IDs: [90860] 
2022-01-12 03:23:11,380 808423 INFO pro15 odoo.models.unlink: User #1 deleted res.partner records with IDs: [44] 
2022-01-12 03:23:11,384 808423 INFO pro15 odoo.addons.base.models.ir_model: Deleting 1312@ir.model.fields.selection (my_library.selection__library_book_copy__state__lost) 
2022-01-12 03:23:11,396 808423 WARNING pro15 odoo.modules.loading: Transient module states were reset 
2022-01-12 03:23:11,399 808423 ERROR pro15 odoo.modules.registry: Failed to load registry 
2022-01-12 03:23:11,399 808423 CRITICAL pro15 odoo.service.server: Failed to initialize database `pro15`. 
Traceback (most recent call last):
  File "/home/thinhnv/Desktop/Odoo/99.Odoo14/server/odoo/service/server.py", line 1199, in preload_registries
    registry = Registry.new(dbname, update_module=update_module)
  File "/home/thinhnv/Desktop/Odoo/99.Odoo14/server/odoo/modules/registry.py", line 89, in new
    odoo.modules.load_modules(registry._db, force_demo, status, update_module)
  File "/home/thinhnv/Desktop/Odoo/99.Odoo14/server/odoo/modules/loading.py", line 503, in load_modules
    env['ir.model.data']._process_end(processed_modules)
  File "/home/thinhnv/Desktop/Odoo/99.Odoo14/server/odoo/addons/base/models/ir_model.py", line 2296, in _process_end
    record.unlink()
  File "/home/thinhnv/Desktop/Odoo/99.Odoo14/server/odoo/addons/base/models/ir_model.py", line 1370, in unlink
    self._process_ondelete()
  File "/home/thinhnv/Desktop/Odoo/99.Odoo14/server/odoo/addons/base/models/ir_model.py", line 1408, in _process_ondelete
    Model = self.env[selection.field_id.model]
  File "/home/thinhnv/Desktop/Odoo/99.Odoo14/server/odoo/api.py", line 476, in __getitem__
    return self.registry[model_name]._browse(self, (), ())
  File "/home/thinhnv/Desktop/Odoo/99.Odoo14/server/odoo/modules/registry.py", line 177, in __getitem__
    return self.models[model_name]
KeyError: 'library.book.copy'
2022-01-12 03:25:51,797 808423 INFO ? odoo.http: HTTP Configuring static files 
2022-01-12 03:25:51,813 808423 INFO pro15 odoo.modules.loading: loading 1 modules... 
2022-01-12 03:25:51,854 808423 INFO pro15 odoo.modules.loading: 1 modules loaded in 0.04s, 0 queries (+0 extra) 
2022-01-12 03:25:51,956 808423 INFO pro15 odoo.modules.loading: loading 68 modules... 
2022-01-12 03:25:51,959 808423 WARNING pro15 odoo.models: The model salary has no _description 
2022-01-12 03:25:51,960 808423 WARNING pro15 odoo.models: The model intrutor has no _description 
2022-01-12 03:25:51,960 808423 INFO pro15 odoo.modules.loading: Loading module my_library (3/68) 
2022-01-12 03:25:52,239 808423 WARNING pro15 odoo.models: The model library.book.category has no _description 
2022-01-12 03:25:52,239 808423 WARNING pro15 odoo.models: The model library.book.rent has no _description 
2022-01-12 03:25:52,280 808423 INFO pro15 odoo.modules.registry: module my_library: creating or updating database tables 
2022-01-12 03:25:52,322 808423 INFO pro15 odoo.schema: Keep unexpected index library_book_name_index on table library_book 
2022-01-12 03:25:52,326 808423 INFO pro15 odoo.modules.loading: loading my_library/security/groups.xml 
2022-01-12 03:25:52,462 808423 INFO pro15 odoo.modules.loading: loading my_library/security/ir.model.access.csv 
2022-01-12 03:25:52,577 808423 INFO pro15 odoo.modules.loading: loading my_library/views/librarybook.xml 
2022-01-12 03:25:52,683 808423 INFO pro15 odoo.modules.loading: loading my_library/views/library_book_categ.xml 
2022-01-12 03:25:52,757 808423 INFO pro15 odoo.modules.loading: loading my_library/views/library_book_rent.xml 
2022-01-12 03:25:52,882 808423 INFO pro15 odoo.modules.loading: Module my_library loaded in 0.92s, 265 queries 
2022-01-12 03:25:52,894 808423 WARNING pro15 odoo.models: The model salary has no _description 
2022-01-12 03:25:52,895 808423 WARNING pro15 odoo.models: The model intrutor has no _description 
2022-01-12 03:25:52,895 808423 WARNING pro15 odoo.models: The model library.book.category has no _description 
2022-01-12 03:25:52,895 808423 WARNING pro15 odoo.models: The model library.book.rent has no _description 
2022-01-12 03:25:52,909 808423 WARNING pro15 odoo.models: The model salary has no _description 
2022-01-12 03:25:52,910 808423 WARNING pro15 odoo.models: The model intrutor has no _description 
2022-01-12 03:25:52,910 808423 WARNING pro15 odoo.models: The model library.book.category has no _description 
2022-01-12 03:25:52,910 808423 WARNING pro15 odoo.models: The model library.book.rent has no _description 
2022-01-12 03:25:52,922 808423 INFO pro15 odoo.modules.loading: Loading module my_library_return (12/68) 
2022-01-12 03:25:53,316 808423 WARNING pro15 odoo.models: The model library.book.category has no _description 
2022-01-12 03:25:53,365 808423 INFO pro15 odoo.modules.registry: module my_library_return: creating or updating database tables 
2022-01-12 03:25:53,392 808423 INFO pro15 odoo.schema: Keep unexpected index library_book_name_index on table library_book 
2022-01-12 03:25:53,397 808423 INFO pro15 odoo.modules.loading: loading my_library_return/security/ir.model.access.csv 
2022-01-12 03:25:53,503 808423 INFO pro15 odoo.modules.loading: loading my_library_return/views/library_book.xml 
2022-01-12 03:25:53,602 808423 INFO pro15 odoo.modules.loading: Module my_library_return loaded in 0.68s, 100 queries 
2022-01-12 03:25:53,636 808423 WARNING pro15 odoo.models: The model salary has no _description 
2022-01-12 03:25:53,636 808423 WARNING pro15 odoo.models: The model intrutor has no _description 
2022-01-12 03:25:53,637 808423 WARNING pro15 odoo.models: The model library.book.category has no _description 
2022-01-12 03:25:53,637 808423 WARNING pro15 odoo.models: The model library.book.rent has no _description 
2022-01-12 03:25:53,663 808423 WARNING pro15 odoo.models: The model salary has no _description 
2022-01-12 03:25:53,663 808423 WARNING pro15 odoo.models: The model intrutor has no _description 
2022-01-12 03:25:53,664 808423 WARNING pro15 odoo.models: The model library.book.category has no _description 
2022-01-12 03:25:53,664 808423 WARNING pro15 odoo.models: The model library.book.rent has no _description 
2022-01-12 03:25:53,716 808423 WARNING pro15 odoo.models: The model product.pet has no _description 
2022-01-12 03:25:53,839 808423 INFO pro15 odoo.modules.loading: 68 modules loaded in 1.88s, 365 queries (+0 extra) 
2022-01-12 03:25:54,262 808423 INFO pro15 odoo.modules.loading: Model library.book.copy is declared but cannot be loaded! (Perhaps a module was partially removed or renamed) 
2022-01-12 03:25:54,496 808423 INFO pro15 odoo.addons.base.models.ir_model: Deleting 980@ir.model.access (my_library.access_library_book_user) 
2022-01-12 03:25:55,162 808423 INFO pro15 odoo.models.unlink: User #1 deleted ir.model.data records with IDs: [91080] 
2022-01-12 03:25:55,162 808423 INFO pro15 odoo.models.unlink: User #1 deleted ir.model.access records with IDs: [980] 
2022-01-12 03:25:55,165 808423 INFO pro15 odoo.addons.base.models.ir_model: Deleting 44@res.partner (my_library.res_partner_packt) 
2022-01-12 03:25:55,230 808423 INFO pro15 odoo.models.unlink: User #1 deleted ir.model.data records with IDs: [90860] 
2022-01-12 03:25:55,230 808423 INFO pro15 odoo.models.unlink: User #1 deleted res.partner records with IDs: [44] 
2022-01-12 03:25:55,236 808423 INFO pro15 odoo.addons.base.models.ir_model: Deleting 1312@ir.model.fields.selection (my_library.selection__library_book_copy__state__lost) 
2022-01-12 03:25:55,247 808423 WARNING pro15 odoo.modules.loading: Transient module states were reset 
2022-01-12 03:25:55,248 808423 ERROR pro15 odoo.modules.registry: Failed to load registry 
2022-01-12 03:25:55,260 808423 INFO pro15 odoo.modules.loading: loading 1 modules... 
2022-01-12 03:25:55,303 808423 INFO pro15 odoo.modules.loading: 1 modules loaded in 0.04s, 0 queries (+0 extra) 
2022-01-12 03:25:55,499 808423 INFO pro15 odoo.modules.loading: loading 68 modules... 
2022-01-12 03:25:55,501 808423 WARNING pro15 odoo.models: The model salary has no _description 
2022-01-12 03:25:55,501 808423 WARNING pro15 odoo.models: The model intrutor has no _description 
2022-01-12 03:25:55,502 808423 INFO pro15 odoo.modules.loading: Loading module my_library (3/68) 
2022-01-12 03:25:55,707 808423 WARNING pro15 odoo.models: The model library.book.category has no _description 
2022-01-12 03:25:55,708 808423 WARNING pro15 odoo.models: The model library.book.rent has no _description 
2022-01-12 03:25:55,745 808423 INFO pro15 odoo.modules.registry: module my_library: creating or updating database tables 
2022-01-12 03:25:55,784 808423 INFO pro15 odoo.schema: Keep unexpected index library_book_name_index on table library_book 
2022-01-12 03:25:55,788 808423 INFO pro15 odoo.modules.loading: loading my_library/security/groups.xml 
2022-01-12 03:25:55,927 808423 INFO pro15 odoo.modules.loading: loading my_library/security/ir.model.access.csv 
2022-01-12 03:25:56,043 808423 INFO pro15 odoo.modules.loading: loading my_library/views/librarybook.xml 
2022-01-12 03:25:56,168 808423 INFO pro15 odoo.modules.loading: loading my_library/views/library_book_categ.xml 
2022-01-12 03:25:56,221 808423 INFO pro15 odoo.modules.loading: loading my_library/views/library_book_rent.xml 
2022-01-12 03:25:56,336 808423 INFO pro15 odoo.modules.loading: Module my_library loaded in 0.83s, 268 queries 
2022-01-12 03:25:56,353 808423 WARNING pro15 odoo.models: The model salary has no _description 
2022-01-12 03:25:56,353 808423 WARNING pro15 odoo.models: The model intrutor has no _description 
2022-01-12 03:25:56,354 808423 WARNING pro15 odoo.models: The model library.book.category has no _description 
2022-01-12 03:25:56,354 808423 WARNING pro15 odoo.models: The model library.book.rent has no _description 
2022-01-12 03:25:56,374 808423 WARNING pro15 odoo.models: The model salary has no _description 
2022-01-12 03:25:56,374 808423 WARNING pro15 odoo.models: The model intrutor has no _description 
2022-01-12 03:25:56,374 808423 WARNING pro15 odoo.models: The model library.book.category has no _description 
2022-01-12 03:25:56,375 808423 WARNING pro15 odoo.models: The model library.book.rent has no _description 
2022-01-12 03:25:56,384 808423 INFO pro15 odoo.modules.loading: Loading module my_library_return (12/68) 
2022-01-12 03:25:56,735 808423 WARNING pro15 odoo.models: The model library.book.category has no _description 
2022-01-12 03:25:56,788 808423 INFO pro15 odoo.modules.registry: module my_library_return: creating or updating database tables 
2022-01-12 03:25:56,823 808423 INFO pro15 odoo.schema: Keep unexpected index library_book_name_index on table library_book 
2022-01-12 03:25:56,829 808423 INFO pro15 odoo.modules.loading: loading my_library_return/security/ir.model.access.csv 
2022-01-12 03:25:56,949 808423 INFO pro15 odoo.modules.loading: loading my_library_return/views/library_book.xml 
2022-01-12 03:25:57,044 808423 INFO pro15 odoo.modules.loading: Module my_library_return loaded in 0.66s, 104 queries 
2022-01-12 03:25:57,086 808423 WARNING pro15 odoo.models: The model salary has no _description 
2022-01-12 03:25:57,087 808423 WARNING pro15 odoo.models: The model intrutor has no _description 
2022-01-12 03:25:57,087 808423 WARNING pro15 odoo.models: The model library.book.category has no _description 
2022-01-12 03:25:57,087 808423 WARNING pro15 odoo.models: The model library.book.rent has no _description 
2022-01-12 03:25:57,118 808423 WARNING pro15 odoo.models: The model salary has no _description 
2022-01-12 03:25:57,119 808423 WARNING pro15 odoo.models: The model intrutor has no _description 
2022-01-12 03:25:57,119 808423 WARNING pro15 odoo.models: The model library.book.category has no _description 
2022-01-12 03:25:57,119 808423 WARNING pro15 odoo.models: The model library.book.rent has no _description 
2022-01-12 03:25:57,174 808423 WARNING pro15 odoo.models: The model product.pet has no _description 
2022-01-12 03:25:57,304 808423 INFO pro15 odoo.modules.loading: 68 modules loaded in 1.81s, 372 queries (+0 extra) 
2022-01-12 03:25:57,731 808423 INFO pro15 odoo.modules.loading: Model library.book.copy is declared but cannot be loaded! (Perhaps a module was partially removed or renamed) 
2022-01-12 03:25:57,961 808423 INFO pro15 odoo.addons.base.models.ir_model: Deleting 980@ir.model.access (my_library.access_library_book_user) 
2022-01-12 03:25:58,904 808423 INFO pro15 odoo.models.unlink: User #1 deleted ir.model.data records with IDs: [91080] 
2022-01-12 03:25:58,904 808423 INFO pro15 odoo.models.unlink: User #1 deleted ir.model.access records with IDs: [980] 
2022-01-12 03:25:58,907 808423 INFO pro15 odoo.addons.base.models.ir_model: Deleting 44@res.partner (my_library.res_partner_packt) 
2022-01-12 03:25:58,953 808423 INFO pro15 odoo.models.unlink: User #1 deleted ir.model.data records with IDs: [90860] 
2022-01-12 03:25:58,953 808423 INFO pro15 odoo.models.unlink: User #1 deleted res.partner records with IDs: [44] 
2022-01-12 03:25:58,957 808423 INFO pro15 odoo.addons.base.models.ir_model: Deleting 1312@ir.model.fields.selection (my_library.selection__library_book_copy__state__lost) 
2022-01-12 03:25:58,963 808423 WARNING pro15 odoo.modules.loading: Transient module states were reset 
2022-01-12 03:25:58,964 808423 ERROR pro15 odoo.modules.registry: Failed to load registry 
2022-01-12 03:25:58,973 808423 INFO pro15 werkzeug: 127.0.0.1 - - [12/Jan/2022 03:25:58] "GET /web HTTP/1.1" 500 - 1687 1.221 5.948
2022-01-12 03:25:58,999 808423 ERROR pro15 werkzeug: Error on request:
Traceback (most recent call last):
  File "/home/thinhnv/Desktop/Odoo/99.Odoo14/server/odoo/modules/registry.py", line 63, in __new__
    return cls.registries[db_name]
  File "/home/thinhnv/Desktop/Odoo/99.Odoo14/server/odoo/tools/func.py", line 71, in wrapper
    return func(self, *args, **kwargs)
  File "/home/thinhnv/Desktop/Odoo/99.Odoo14/server/odoo/tools/lru.py", line 34, in __getitem__
    a = self.d[obj]
KeyError: 'pro15'

During handling of the above exception, another exception occurred:

Traceback (most recent call last):
  File "/home/thinhnv/Desktop/Odoo/99.Odoo14/server/odoo/http.py", line 1460, in dispatch
    odoo.registry(db).check_signaling()
  File "/home/thinhnv/Desktop/Odoo/99.Odoo14/server/odoo/__init__.py", line 104, in registry
    return modules.registry.Registry(database_name)
  File "/home/thinhnv/Desktop/Odoo/99.Odoo14/server/odoo/modules/registry.py", line 65, in __new__
    return cls.new(db_name)
  File "/home/thinhnv/Desktop/Odoo/99.Odoo14/server/odoo/modules/registry.py", line 89, in new
    odoo.modules.load_modules(registry._db, force_demo, status, update_module)
  File "/home/thinhnv/Desktop/Odoo/99.Odoo14/server/odoo/modules/loading.py", line 503, in load_modules
    env['ir.model.data']._process_end(processed_modules)
  File "/home/thinhnv/Desktop/Odoo/99.Odoo14/server/odoo/addons/base/models/ir_model.py", line 2296, in _process_end
    record.unlink()
  File "/home/thinhnv/Desktop/Odoo/99.Odoo14/server/odoo/addons/base/models/ir_model.py", line 1370, in unlink
    self._process_ondelete()
  File "/home/thinhnv/Desktop/Odoo/99.Odoo14/server/odoo/addons/base/models/ir_model.py", line 1408, in _process_ondelete
    Model = self.env[selection.field_id.model]
  File "/home/thinhnv/Desktop/Odoo/99.Odoo14/server/odoo/api.py", line 476, in __getitem__
    return self.registry[model_name]._browse(self, (), ())
  File "/home/thinhnv/Desktop/Odoo/99.Odoo14/server/odoo/modules/registry.py", line 177, in __getitem__
    return self.models[model_name]
KeyError: 'library.book.copy'

During handling of the above exception, another exception occurred:

Traceback (most recent call last):
  File "/home/thinhnv/Desktop/Odoo/99.Odoo14/server/odoo/modules/registry.py", line 63, in __new__
    return cls.registries[db_name]
  File "/home/thinhnv/Desktop/Odoo/99.Odoo14/server/odoo/tools/func.py", line 71, in wrapper
    return func(self, *args, **kwargs)
  File "/home/thinhnv/Desktop/Odoo/99.Odoo14/server/odoo/tools/lru.py", line 34, in __getitem__
    a = self.d[obj]
KeyError: 'pro15'

During handling of the above exception, another exception occurred:

Traceback (most recent call last):
  File "/home/thinhnv/Desktop/Odoo/venv/lib/python3.9/site-packages/werkzeug/serving.py", line 306, in run_wsgi
    execute(self.server.app)
  File "/home/thinhnv/Desktop/Odoo/venv/lib/python3.9/site-packages/werkzeug/serving.py", line 294, in execute
    application_iter = app(environ, start_response)
  File "/home/thinhnv/Desktop/Odoo/99.Odoo14/server/odoo/service/server.py", line 441, in app
    return self.app(e, s)
  File "/home/thinhnv/Desktop/Odoo/99.Odoo14/server/odoo/service/wsgi_server.py", line 113, in application
    return application_unproxied(environ, start_response)
  File "/home/thinhnv/Desktop/Odoo/99.Odoo14/server/odoo/service/wsgi_server.py", line 88, in application_unproxied
    result = odoo.http.root(environ, start_response)
  File "/home/thinhnv/Desktop/Odoo/99.Odoo14/server/odoo/http.py", line 1306, in __call__
    return self.dispatch(environ, start_response)
  File "/home/thinhnv/Desktop/Odoo/99.Odoo14/server/odoo/http.py", line 1272, in __call__
    return self.app(environ, start_wrapped)
  File "/home/thinhnv/Desktop/Odoo/venv/lib/python3.9/site-packages/werkzeug/middleware/shared_data.py", line 220, in __call__
    return self.app(environ, start_response)
  File "/home/thinhnv/Desktop/Odoo/99.Odoo14/server/odoo/http.py", line 1482, in dispatch
    response = self.get_response(httprequest, result, explicit_session)
  File "/home/thinhnv/Desktop/Odoo/99.Odoo14/server/odoo/http.py", line 282, in __exit__
    elif self.registry:
  File "/home/thinhnv/Desktop/Odoo/99.Odoo14/server/odoo/http.py", line 378, in registry
    return odoo.registry(self.db)
  File "/home/thinhnv/Desktop/Odoo/99.Odoo14/server/odoo/__init__.py", line 104, in registry
    return modules.registry.Registry(database_name)
  File "/home/thinhnv/Desktop/Odoo/99.Odoo14/server/odoo/modules/registry.py", line 65, in __new__
    return cls.new(db_name)
  File "/home/thinhnv/Desktop/Odoo/99.Odoo14/server/odoo/modules/registry.py", line 89, in new
    odoo.modules.load_modules(registry._db, force_demo, status, update_module)
  File "/home/thinhnv/Desktop/Odoo/99.Odoo14/server/odoo/modules/loading.py", line 503, in load_modules
    env['ir.model.data']._process_end(processed_modules)
  File "/home/thinhnv/Desktop/Odoo/99.Odoo14/server/odoo/addons/base/models/ir_model.py", line 2296, in _process_end
    record.unlink()
  File "/home/thinhnv/Desktop/Odoo/99.Odoo14/server/odoo/addons/base/models/ir_model.py", line 1370, in unlink
    self._process_ondelete()
  File "/home/thinhnv/Desktop/Odoo/99.Odoo14/server/odoo/addons/base/models/ir_model.py", line 1408, in _process_ondelete
    Model = self.env[selection.field_id.model]
  File "/home/thinhnv/Desktop/Odoo/99.Odoo14/server/odoo/api.py", line 476, in __getitem__
    return self.registry[model_name]._browse(self, (), ())
  File "/home/thinhnv/Desktop/Odoo/99.Odoo14/server/odoo/modules/registry.py", line 177, in __getitem__
    return self.models[model_name]
KeyError: 'library.book.copy' - - -
2022-01-12 03:29:57,575 811568 INFO ? odoo: Odoo version 14.0 
2022-01-12 03:29:57,577 811568 INFO ? odoo: Using configuration file at /home/thinhnv/Desktop/Odoo/05.Config/config.cfg 
2022-01-12 03:29:57,577 811568 INFO ? odoo: addons paths: ['/home/thinhnv/Desktop/Odoo/99.Odoo14/server/odoo/addons', '/home/thinhnv/Desktop/Odoo/03.Filestore/filestore/addons/14.0', '/home/thinhnv/Desktop/Odoo/99.Odoo14/server/addons', '/home/thinhnv/Desktop/Odoo/99.Odoo14/myAddon', '/home/thinhnv/Desktop/Odoo/99.Odoo14/server/odoo'] 
2022-01-12 03:29:57,577 811568 INFO ? odoo: database: thinhnv@localhost:5432 
2022-01-12 03:29:58,047 811568 INFO ? odoo.addons.base.models.ir_actions_report: You need Wkhtmltopdf to print a pdf version of the reports. 
2022-01-12 03:29:58,258 811568 INFO ? odoo.service.server: HTTP service (werkzeug) running on localhost:8014 
2022-01-12 03:29:58,289 811568 INFO pro15 odoo.modules.loading: loading 1 modules... 
2022-01-12 03:29:58,335 811568 INFO pro15 odoo.modules.loading: 1 modules loaded in 0.05s, 0 queries (+0 extra) 
2022-01-12 03:29:58,648 811568 INFO pro15 odoo.modules.loading: updating modules list 
2022-01-12 03:29:58,656 811568 INFO pro15 odoo.addons.base.models.ir_module: ALLOW access to module.update_list on [] to user __system__ #1 via n/a 
2022-01-12 03:30:00,185 811568 INFO pro15 odoo.addons.base.models.ir_module: ALLOW access to module.button_upgrade on ['My library'] to user __system__ #1 via n/a 
2022-01-12 03:30:00,185 811568 INFO pro15 odoo.addons.base.models.ir_module: ALLOW access to module.update_list on ['My library'] to user __system__ #1 via n/a 
2022-01-12 03:30:01,721 811568 INFO pro15 odoo.addons.base.models.ir_module: ALLOW access to module.button_install on [] to user __system__ #1 via n/a 
2022-01-12 03:30:01,847 811568 INFO pro15 odoo.modules.loading: loading 68 modules... 
2022-01-12 03:30:01,856 811568 WARNING pro15 odoo.models: The model salary has no _description 
2022-01-12 03:30:01,857 811568 WARNING pro15 odoo.models: The model intrutor has no _description 
2022-01-12 03:30:01,857 811568 INFO pro15 odoo.modules.loading: Loading module my_library (3/68) 
2022-01-12 03:30:01,925 811568 CRITICAL pro15 odoo.modules.module: Couldn't load module my_library 
2022-01-12 03:30:01,925 811568 CRITICAL pro15 odoo.modules.module: cannot import name 'library_book_coy' from partially initialized module 'odoo.addons.my_library.models' (most likely due to a circular import) (/home/thinhnv/Desktop/Odoo/99.Odoo14/myAddon/my_library/models/__init__.py) 
2022-01-12 03:30:01,928 811568 WARNING pro15 odoo.modules.loading: Transient module states were reset 
2022-01-12 03:30:01,929 811568 ERROR pro15 odoo.modules.registry: Failed to load registry 
2022-01-12 03:30:01,930 811568 CRITICAL pro15 odoo.service.server: Failed to initialize database `pro15`. 
Traceback (most recent call last):
  File "/home/thinhnv/Desktop/Odoo/99.Odoo14/server/odoo/service/server.py", line 1199, in preload_registries
    registry = Registry.new(dbname, update_module=update_module)
  File "/home/thinhnv/Desktop/Odoo/99.Odoo14/server/odoo/modules/registry.py", line 89, in new
    odoo.modules.load_modules(registry._db, force_demo, status, update_module)
  File "/home/thinhnv/Desktop/Odoo/99.Odoo14/server/odoo/modules/loading.py", line 455, in load_modules
    processed_modules += load_marked_modules(cr, graph,
  File "/home/thinhnv/Desktop/Odoo/99.Odoo14/server/odoo/modules/loading.py", line 347, in load_marked_modules
    loaded, processed = load_module_graph(
  File "/home/thinhnv/Desktop/Odoo/99.Odoo14/server/odoo/modules/loading.py", line 179, in load_module_graph
    load_openerp_module(package.name)
  File "/home/thinhnv/Desktop/Odoo/99.Odoo14/server/odoo/modules/module.py", line 385, in load_openerp_module
    __import__('odoo.addons.' + module_name)
  File "/home/thinhnv/Desktop/Odoo/99.Odoo14/myAddon/my_library/__init__.py", line 4, in <module>
    from . import models
  File "/home/thinhnv/Desktop/Odoo/99.Odoo14/myAddon/my_library/models/__init__.py", line 5, in <module>
    from . import library_book_coy
ImportError: cannot import name 'library_book_coy' from partially initialized module 'odoo.addons.my_library.models' (most likely due to a circular import) (/home/thinhnv/Desktop/Odoo/99.Odoo14/myAddon/my_library/models/__init__.py)
2022-01-12 03:30:32,544 812047 INFO ? odoo: Odoo version 14.0 
2022-01-12 03:30:32,545 812047 INFO ? odoo: Using configuration file at /home/thinhnv/Desktop/Odoo/05.Config/config.cfg 
2022-01-12 03:30:32,546 812047 INFO ? odoo: addons paths: ['/home/thinhnv/Desktop/Odoo/99.Odoo14/server/odoo/addons', '/home/thinhnv/Desktop/Odoo/03.Filestore/filestore/addons/14.0', '/home/thinhnv/Desktop/Odoo/99.Odoo14/server/addons', '/home/thinhnv/Desktop/Odoo/99.Odoo14/myAddon', '/home/thinhnv/Desktop/Odoo/99.Odoo14/server/odoo'] 
2022-01-12 03:30:32,546 812047 INFO ? odoo: database: thinhnv@localhost:5432 
2022-01-12 03:30:33,026 812047 INFO ? odoo.addons.base.models.ir_actions_report: You need Wkhtmltopdf to print a pdf version of the reports. 
2022-01-12 03:30:33,221 812047 INFO ? odoo.service.server: HTTP service (werkzeug) running on localhost:8014 
2022-01-12 03:30:33,241 812047 INFO pro15 odoo.modules.loading: loading 1 modules... 
2022-01-12 03:30:33,286 812047 INFO pro15 odoo.modules.loading: 1 modules loaded in 0.04s, 0 queries (+0 extra) 
2022-01-12 03:30:33,515 812047 INFO pro15 odoo.modules.loading: updating modules list 
2022-01-12 03:30:33,521 812047 INFO pro15 odoo.addons.base.models.ir_module: ALLOW access to module.update_list on [] to user __system__ #1 via n/a 
2022-01-12 03:30:35,091 812047 INFO pro15 odoo.addons.base.models.ir_module: ALLOW access to module.button_upgrade on ['My library'] to user __system__ #1 via n/a 
2022-01-12 03:30:35,092 812047 INFO pro15 odoo.addons.base.models.ir_module: ALLOW access to module.update_list on ['My library'] to user __system__ #1 via n/a 
2022-01-12 03:30:36,729 812047 INFO pro15 odoo.addons.base.models.ir_module: ALLOW access to module.button_install on [] to user __system__ #1 via n/a 
2022-01-12 03:30:36,848 812047 INFO pro15 odoo.modules.loading: loading 68 modules... 
2022-01-12 03:30:36,857 812047 WARNING pro15 odoo.models: The model salary has no _description 
2022-01-12 03:30:36,857 812047 WARNING pro15 odoo.models: The model intrutor has no _description 
2022-01-12 03:30:36,858 812047 INFO pro15 odoo.modules.loading: Loading module my_library (3/68) 
2022-01-12 03:30:36,909 812047 WARNING pro15 odoo.models: The model library.book.category has no _description 
2022-01-12 03:30:36,910 812047 WARNING pro15 odoo.models: The model library.book.rent has no _description 
2022-01-12 03:30:36,949 812047 INFO pro15 odoo.modules.registry: module my_library: creating or updating database tables 
2022-01-12 03:30:37,090 812047 INFO pro15 odoo.schema: Keep unexpected index library_book_name_index on table library_book 
2022-01-12 03:30:37,091 812047 INFO pro15 odoo.schema: Keep unexpected index library_book_copy_name_index on table library_book_copy 
2022-01-12 03:30:37,251 812047 INFO pro15 odoo.modules.loading: loading my_library/security/groups.xml 
2022-01-12 03:30:37,342 812047 INFO pro15 odoo.modules.loading: loading my_library/security/ir.model.access.csv 
2022-01-12 03:30:37,448 812047 INFO pro15 odoo.modules.loading: loading my_library/views/librarybook.xml 
2022-01-12 03:30:37,538 812047 INFO pro15 odoo.modules.loading: loading my_library/views/library_book_categ.xml 
2022-01-12 03:30:37,604 812047 INFO pro15 odoo.modules.loading: loading my_library/views/library_book_rent.xml 
2022-01-12 03:30:37,747 812047 INFO pro15 odoo.modules.loading: Module my_library loaded in 0.89s, 288 queries 
2022-01-12 03:30:37,762 812047 WARNING pro15 odoo.models: The model salary has no _description 
2022-01-12 03:30:37,762 812047 WARNING pro15 odoo.models: The model intrutor has no _description 
2022-01-12 03:30:37,762 812047 WARNING pro15 odoo.models: The model library.book.category has no _description 
2022-01-12 03:30:37,763 812047 WARNING pro15 odoo.models: The model library.book.rent has no _description 
2022-01-12 03:30:37,797 812047 WARNING pro15 odoo.models: The model salary has no _description 
2022-01-12 03:30:37,798 812047 WARNING pro15 odoo.models: The model intrutor has no _description 
2022-01-12 03:30:37,798 812047 WARNING pro15 odoo.models: The model library.book.category has no _description 
2022-01-12 03:30:37,798 812047 WARNING pro15 odoo.models: The model library.book.rent has no _description 
2022-01-12 03:30:37,828 812047 INFO pro15 odoo.modules.loading: Loading module my_library_return (12/68) 
2022-01-12 03:30:38,076 812047 WARNING pro15 odoo.models: The model library.book.category has no _description 
2022-01-12 03:30:38,122 812047 INFO pro15 odoo.modules.registry: module my_library_return: creating or updating database tables 
2022-01-12 03:30:38,165 812047 INFO pro15 odoo.schema: Keep unexpected index library_book_name_index on table library_book 
2022-01-12 03:30:38,165 812047 INFO pro15 odoo.schema: Keep unexpected index library_book_copy_name_index on table library_book_copy 
2022-01-12 03:30:38,295 812047 INFO pro15 odoo.modules.loading: loading my_library_return/security/ir.model.access.csv 
2022-01-12 03:30:38,370 812047 INFO pro15 odoo.modules.loading: loading my_library_return/views/library_book.xml 
2022-01-12 03:30:38,520 812047 INFO pro15 odoo.modules.loading: Module my_library_return loaded in 0.69s, 113 queries 
2022-01-12 03:30:38,755 812047 WARNING pro15 odoo.models: The model salary has no _description 
2022-01-12 03:30:38,756 812047 WARNING pro15 odoo.models: The model intrutor has no _description 
2022-01-12 03:30:38,756 812047 WARNING pro15 odoo.models: The model library.book.category has no _description 
2022-01-12 03:30:38,756 812047 WARNING pro15 odoo.models: The model library.book.rent has no _description 
2022-01-12 03:30:38,780 812047 WARNING pro15 odoo.models: The model salary has no _description 
2022-01-12 03:30:38,780 812047 WARNING pro15 odoo.models: The model intrutor has no _description 
2022-01-12 03:30:38,780 812047 WARNING pro15 odoo.models: The model library.book.category has no _description 
2022-01-12 03:30:38,780 812047 WARNING pro15 odoo.models: The model library.book.rent has no _description 
2022-01-12 03:30:39,025 812047 WARNING pro15 odoo.models: The model product.pet has no _description 
2022-01-12 03:30:39,594 812047 INFO pro15 odoo.modules.loading: 68 modules loaded in 2.75s, 401 queries (+0 extra) 
2022-01-12 03:30:41,072 812047 INFO pro15 odoo.addons.base.models.ir_model: Deleting 980@ir.model.access (my_library.access_library_book_user) 
2022-01-12 03:30:41,999 812047 INFO pro15 odoo.models.unlink: User #1 deleted ir.model.data records with IDs: [91080] 
2022-01-12 03:30:42,000 812047 INFO pro15 odoo.models.unlink: User #1 deleted ir.model.access records with IDs: [980] 
2022-01-12 03:30:42,003 812047 INFO pro15 odoo.addons.base.models.ir_model: Deleting 44@res.partner (my_library.res_partner_packt) 
2022-01-12 03:30:42,085 812047 INFO pro15 odoo.models.unlink: User #1 deleted ir.model.data records with IDs: [90860] 
2022-01-12 03:30:42,086 812047 INFO pro15 odoo.models.unlink: User #1 deleted res.partner records with IDs: [44] 
2022-01-12 03:30:42,090 812047 INFO pro15 odoo.addons.base.models.ir_model: Deleting 1310@ir.model.fields.selection (my_library.selection__library_book_copy__state__draft) 
2022-01-12 03:30:42,111 812047 INFO pro15 odoo.models.unlink: User #1 deleted ir.model.data records with IDs: [90392] 
2022-01-12 03:30:42,112 812047 INFO pro15 odoo.models.unlink: User #1 deleted ir.model.fields.selection records with IDs: [1310] 
2022-01-12 03:30:42,113 812047 INFO pro15 odoo.addons.base.models.ir_model: Deleting 1307@ir.model.fields.selection (my_library.selection__library_book__state__draft) 
2022-01-12 03:30:42,134 812047 INFO pro15 odoo.models.unlink: User #1 deleted ir.model.data records with IDs: [90389] 
2022-01-12 03:30:42,135 812047 INFO pro15 odoo.models.unlink: User #1 deleted ir.model.fields.selection records with IDs: [1307] 
2022-01-12 03:30:42,136 812047 INFO pro15 odoo.addons.base.models.ir_model: Deleting 11128@ir.model.fields (my_library.field_res_users__authored_book_ids) 
2022-01-12 03:30:42,141 812047 INFO pro15 odoo.addons.base.models.ir_model: Deleting field res.users.authored_book_ids (hint: fields should be explicitly removed by an upgrade script) 
2022-01-12 03:30:42,178 812047 INFO pro15 odoo.models.unlink: User #1 deleted ir.model.data records with IDs: [90388] 
2022-01-12 03:30:42,179 812047 INFO pro15 odoo.models.unlink: User #1 deleted ir.model.fields records with IDs: [11128] 
2022-01-12 03:30:42,197 812047 INFO pro15 odoo.addons.base.models.ir_model: Deleting 11127@ir.model.fields (my_library.field_res_users__published_book_ids) 
2022-01-12 03:30:42,202 812047 INFO pro15 odoo.addons.base.models.ir_model: Deleting field res.users.published_book_ids (hint: fields should be explicitly removed by an upgrade script) 
2022-01-12 03:30:42,228 812047 INFO pro15 odoo.models.unlink: User #1 deleted ir.model.data records with IDs: [90387] 
2022-01-12 03:30:42,229 812047 INFO pro15 odoo.models.unlink: User #1 deleted ir.model.fields records with IDs: [11127] 
2022-01-12 03:30:42,247 812047 INFO pro15 odoo.addons.base.models.ir_model: Deleting 11126@ir.model.fields (my_library.field_library_book_copy__publisher_id) 
2022-01-12 03:30:42,253 812047 INFO pro15 odoo.addons.base.models.ir_model: Deleting field library.book.copy.publisher_id (hint: fields should be explicitly removed by an upgrade script) 
2022-01-12 03:30:42,283 812047 INFO pro15 odoo.models.unlink: User #1 deleted ir.model.data records with IDs: [90386] 
2022-01-12 03:30:42,283 812047 INFO pro15 odoo.models.unlink: User #1 deleted ir.model.fields records with IDs: [11126] 
2022-01-12 03:30:42,302 812047 INFO pro15 odoo.addons.base.models.ir_model: Deleting 11125@ir.model.fields (my_library.field_library_book_copy__retail_price) 
2022-01-12 03:30:42,308 812047 INFO pro15 odoo.addons.base.models.ir_model: Deleting field library.book.copy.retail_price (hint: fields should be explicitly removed by an upgrade script) 
2022-01-12 03:30:42,343 812047 INFO pro15 odoo.models.unlink: User #1 deleted ir.model.data records with IDs: [90385] 
2022-01-12 03:30:42,344 812047 INFO pro15 odoo.models.unlink: User #1 deleted ir.model.fields records with IDs: [11125] 
2022-01-12 03:30:42,370 812047 INFO pro15 odoo.addons.base.models.ir_model: Deleting 11124@ir.model.fields (my_library.field_library_book_copy__currency_id) 
2022-01-12 03:30:42,377 812047 INFO pro15 odoo.addons.base.models.ir_model: Deleting field library.book.copy.currency_id (hint: fields should be explicitly removed by an upgrade script) 
2022-01-12 03:30:42,415 812047 INFO pro15 odoo.models.unlink: User #1 deleted ir.model.data records with IDs: [90384] 
2022-01-12 03:30:42,415 812047 INFO pro15 odoo.models.unlink: User #1 deleted ir.model.fields records with IDs: [11124] 
2022-01-12 03:30:42,434 812047 INFO pro15 odoo.addons.base.models.ir_model: Deleting 11123@ir.model.fields (my_library.field_library_book_copy__reader_rating) 
2022-01-12 03:30:42,439 812047 INFO pro15 odoo.addons.base.models.ir_model: Deleting field library.book.copy.reader_rating (hint: fields should be explicitly removed by an upgrade script) 
2022-01-12 03:30:42,474 812047 INFO pro15 odoo.models.unlink: User #1 deleted ir.model.data records with IDs: [90383] 
2022-01-12 03:30:42,474 812047 INFO pro15 odoo.models.unlink: User #1 deleted ir.model.fields records with IDs: [11123] 
2022-01-12 03:30:42,500 812047 INFO pro15 odoo.addons.base.models.ir_model: Deleting 11122@ir.model.fields (my_library.field_library_book_copy__pages) 
2022-01-12 03:30:42,506 812047 INFO pro15 odoo.addons.base.models.ir_model: Deleting field library.book.copy.pages (hint: fields should be explicitly removed by an upgrade script) 
2022-01-12 03:30:42,537 812047 INFO pro15 odoo.models.unlink: User #1 deleted ir.model.data records with IDs: [90382] 
2022-01-12 03:30:42,538 812047 INFO pro15 odoo.models.unlink: User #1 deleted ir.model.fields records with IDs: [11122] 
2022-01-12 03:30:42,556 812047 INFO pro15 odoo.addons.base.models.ir_model: Deleting 11121@ir.model.fields (my_library.field_library_book_copy__date_updated) 
2022-01-12 03:30:42,562 812047 INFO pro15 odoo.addons.base.models.ir_model: Deleting field library.book.copy.date_updated (hint: fields should be explicitly removed by an upgrade script) 
2022-01-12 03:30:42,592 812047 INFO pro15 odoo.models.unlink: User #1 deleted ir.model.data records with IDs: [90381] 
2022-01-12 03:30:42,593 812047 INFO pro15 odoo.models.unlink: User #1 deleted ir.model.fields records with IDs: [11121] 
2022-01-12 03:30:42,610 812047 INFO pro15 odoo.addons.base.models.ir_model: Deleting 11120@ir.model.fields (my_library.field_library_book_copy__out_of_print) 
2022-01-12 03:30:42,615 812047 INFO pro15 odoo.addons.base.models.ir_model: Deleting field library.book.copy.out_of_print (hint: fields should be explicitly removed by an upgrade script) 
2022-01-12 03:30:42,640 812047 INFO pro15 odoo.models.unlink: User #1 deleted ir.model.data records with IDs: [90380] 
2022-01-12 03:30:42,640 812047 INFO pro15 odoo.models.unlink: User #1 deleted ir.model.fields records with IDs: [11120] 
2022-01-12 03:30:42,657 812047 INFO pro15 odoo.addons.base.models.ir_model: Deleting 11119@ir.model.fields (my_library.field_library_book_copy__cover) 
2022-01-12 03:30:42,662 812047 INFO pro15 odoo.addons.base.models.ir_model: Deleting field library.book.copy.cover (hint: fields should be explicitly removed by an upgrade script) 
2022-01-12 03:30:42,684 812047 INFO pro15 odoo.models.unlink: User #1 deleted ir.model.data records with IDs: [90379] 
2022-01-12 03:30:42,685 812047 INFO pro15 odoo.models.unlink: User #1 deleted ir.model.fields records with IDs: [11119] 
2022-01-12 03:30:42,701 812047 INFO pro15 odoo.addons.base.models.ir_model: Deleting 11118@ir.model.fields (my_library.field_library_book_copy__description) 
2022-01-12 03:30:42,706 812047 INFO pro15 odoo.addons.base.models.ir_model: Deleting field library.book.copy.description (hint: fields should be explicitly removed by an upgrade script) 
2022-01-12 03:30:42,731 812047 INFO pro15 odoo.models.unlink: User #1 deleted ir.model.data records with IDs: [90378] 
2022-01-12 03:30:42,731 812047 INFO pro15 odoo.models.unlink: User #1 deleted ir.model.fields records with IDs: [11118] 
2022-01-12 03:30:42,748 812047 INFO pro15 odoo.addons.base.models.ir_model: Deleting 11116@ir.model.fields (my_library.field_library_book_copy__notes) 
2022-01-12 03:30:42,753 812047 INFO pro15 odoo.addons.base.models.ir_model: Deleting field library.book.copy.notes (hint: fields should be explicitly removed by an upgrade script) 
2022-01-12 03:30:42,775 812047 INFO pro15 odoo.models.unlink: User #1 deleted ir.model.data records with IDs: [90376] 
2022-01-12 03:30:42,775 812047 INFO pro15 odoo.models.unlink: User #1 deleted ir.model.fields records with IDs: [11116] 
2022-01-12 03:30:42,786 812047 INFO pro15 odoo.addons.base.models.ir_model: Deleting 11115@ir.model.fields (my_library.field_library_book_copy__short_name) 
2022-01-12 03:30:42,790 812047 INFO pro15 odoo.addons.base.models.ir_model: Deleting field library.book.copy.short_name (hint: fields should be explicitly removed by an upgrade script) 
2022-01-12 03:30:42,814 812047 INFO pro15 odoo.models.unlink: User #1 deleted ir.model.data records with IDs: [90375] 
2022-01-12 03:30:42,814 812047 INFO pro15 odoo.models.unlink: User #1 deleted ir.model.fields records with IDs: [11115] 
2022-01-12 03:30:42,826 812047 INFO pro15 odoo.addons.base.models.ir_model: Deleting 11113@ir.model.fields (my_library.field_res_partner__authored_book_ids) 
2022-01-12 03:30:42,830 812047 INFO pro15 odoo.addons.base.models.ir_model: Deleting field res.partner.authored_book_ids (hint: fields should be explicitly removed by an upgrade script) 
2022-01-12 03:30:42,852 812047 INFO pro15 odoo.models.unlink: User #1 deleted ir.model.data records with IDs: [90374] 
2022-01-12 03:30:42,852 812047 INFO pro15 odoo.models.unlink: User #1 deleted ir.model.fields records with IDs: [11113] 
2022-01-12 03:30:42,863 812047 INFO pro15 odoo.addons.base.models.ir_model: Deleting 11112@ir.model.fields (my_library.field_res_partner__published_book_ids) 
2022-01-12 03:30:42,867 812047 INFO pro15 odoo.addons.base.models.ir_model: Deleting field res.partner.published_book_ids (hint: fields should be explicitly removed by an upgrade script) 
2022-01-12 03:30:42,889 812047 INFO pro15 odoo.models.unlink: User #1 deleted ir.model.data records with IDs: [90373] 
2022-01-12 03:30:42,890 812047 INFO pro15 odoo.models.unlink: User #1 deleted ir.model.fields records with IDs: [11112] 
2022-01-12 03:30:42,901 812047 INFO pro15 odoo.addons.base.models.ir_model: Deleting 11111@ir.model.fields (my_library.field_library_book__publisher_id) 
2022-01-12 03:30:42,906 812047 INFO pro15 odoo.addons.base.models.ir_model: Deleting field library.book.publisher_id (hint: fields should be explicitly removed by an upgrade script) 
2022-01-12 03:30:42,930 812047 INFO pro15 odoo.models.unlink: User #1 deleted ir.model.data records with IDs: [90372] 
2022-01-12 03:30:42,931 812047 INFO pro15 odoo.models.unlink: User #1 deleted ir.model.fields records with IDs: [11111] 
2022-01-12 03:30:42,942 812047 INFO pro15 odoo.addons.base.models.ir_model: Deleting 11110@ir.model.fields (my_library.field_library_book__retail_price) 
2022-01-12 03:30:42,945 812047 INFO pro15 odoo.addons.base.models.ir_model: Deleting field library.book.retail_price (hint: fields should be explicitly removed by an upgrade script) 
2022-01-12 03:30:42,969 812047 INFO pro15 odoo.models.unlink: User #1 deleted ir.model.data records with IDs: [90371] 
2022-01-12 03:30:42,970 812047 INFO pro15 odoo.models.unlink: User #1 deleted ir.model.fields records with IDs: [11110] 
2022-01-12 03:30:42,986 812047 INFO pro15 odoo.addons.base.models.ir_model: Deleting 11109@ir.model.fields (my_library.field_library_book__currency_id) 
2022-01-12 03:30:42,992 812047 INFO pro15 odoo.addons.base.models.ir_model: Deleting field library.book.currency_id (hint: fields should be explicitly removed by an upgrade script) 
2022-01-12 03:30:43,014 812047 INFO pro15 odoo.models.unlink: User #1 deleted ir.model.data records with IDs: [90370] 
2022-01-12 03:30:43,015 812047 INFO pro15 odoo.models.unlink: User #1 deleted ir.model.fields records with IDs: [11109] 
2022-01-12 03:30:43,025 812047 INFO pro15 odoo.addons.base.models.ir_model: Deleting 11108@ir.model.fields (my_library.field_library_book__reader_rating) 
2022-01-12 03:30:43,028 812047 INFO pro15 odoo.addons.base.models.ir_model: Deleting field library.book.reader_rating (hint: fields should be explicitly removed by an upgrade script) 
2022-01-12 03:30:43,048 812047 INFO pro15 odoo.models.unlink: User #1 deleted ir.model.data records with IDs: [90369] 
2022-01-12 03:30:43,048 812047 INFO pro15 odoo.models.unlink: User #1 deleted ir.model.fields records with IDs: [11108] 
2022-01-12 03:30:43,058 812047 INFO pro15 odoo.addons.base.models.ir_model: Deleting 11107@ir.model.fields (my_library.field_library_book__pages) 
2022-01-12 03:30:43,062 812047 INFO pro15 odoo.addons.base.models.ir_model: Deleting field library.book.pages (hint: fields should be explicitly removed by an upgrade script) 
2022-01-12 03:30:43,085 812047 INFO pro15 odoo.models.unlink: User #1 deleted ir.model.data records with IDs: [90368] 
2022-01-12 03:30:43,086 812047 INFO pro15 odoo.models.unlink: User #1 deleted ir.model.fields records with IDs: [11107] 
2022-01-12 03:30:43,103 812047 INFO pro15 odoo.addons.base.models.ir_model: Deleting 11106@ir.model.fields (my_library.field_library_book__date_updated) 
2022-01-12 03:30:43,108 812047 INFO pro15 odoo.addons.base.models.ir_model: Deleting field library.book.date_updated (hint: fields should be explicitly removed by an upgrade script) 
2022-01-12 03:30:43,128 812047 INFO pro15 odoo.models.unlink: User #1 deleted ir.model.data records with IDs: [90367] 
2022-01-12 03:30:43,129 812047 INFO pro15 odoo.models.unlink: User #1 deleted ir.model.fields records with IDs: [11106] 
2022-01-12 03:30:43,138 812047 INFO pro15 odoo.addons.base.models.ir_model: Deleting 11105@ir.model.fields (my_library.field_library_book__out_of_print) 
2022-01-12 03:30:43,142 812047 INFO pro15 odoo.addons.base.models.ir_model: Deleting field library.book.out_of_print (hint: fields should be explicitly removed by an upgrade script) 
2022-01-12 03:30:43,162 812047 INFO pro15 odoo.models.unlink: User #1 deleted ir.model.data records with IDs: [90366] 
2022-01-12 03:30:43,163 812047 INFO pro15 odoo.models.unlink: User #1 deleted ir.model.fields records with IDs: [11105] 
2022-01-12 03:30:43,172 812047 INFO pro15 odoo.addons.base.models.ir_model: Deleting 11104@ir.model.fields (my_library.field_library_book__cover) 
2022-01-12 03:30:43,176 812047 INFO pro15 odoo.addons.base.models.ir_model: Deleting field library.book.cover (hint: fields should be explicitly removed by an upgrade script) 
2022-01-12 03:30:43,199 812047 INFO pro15 odoo.models.unlink: User #1 deleted ir.model.data records with IDs: [90365] 
2022-01-12 03:30:43,199 812047 INFO pro15 odoo.models.unlink: User #1 deleted ir.model.fields records with IDs: [11104] 
2022-01-12 03:30:43,217 812047 INFO pro15 odoo.addons.base.models.ir_model: Deleting 11103@ir.model.fields (my_library.field_library_book__description) 
2022-01-12 03:30:43,224 812047 INFO pro15 odoo.addons.base.models.ir_model: Deleting field library.book.description (hint: fields should be explicitly removed by an upgrade script) 
2022-01-12 03:30:43,252 812047 INFO pro15 odoo.models.unlink: User #1 deleted ir.model.data records with IDs: [90364] 
2022-01-12 03:30:43,252 812047 INFO pro15 odoo.models.unlink: User #1 deleted ir.model.fields records with IDs: [11103] 
2022-01-12 03:30:43,271 812047 INFO pro15 odoo.addons.base.models.ir_model: Deleting 11101@ir.model.fields (my_library.field_library_book__notes) 
2022-01-12 03:30:43,276 812047 INFO pro15 odoo.addons.base.models.ir_model: Deleting field library.book.notes (hint: fields should be explicitly removed by an upgrade script) 
2022-01-12 03:30:43,307 812047 INFO pro15 odoo.models.unlink: User #1 deleted ir.model.data records with IDs: [90362] 
2022-01-12 03:30:43,307 812047 INFO pro15 odoo.models.unlink: User #1 deleted ir.model.fields records with IDs: [11101] 
2022-01-12 03:30:43,317 812047 INFO pro15 odoo.addons.base.models.ir_model: Deleting 11100@ir.model.fields (my_library.field_library_book__short_name) 
2022-01-12 03:30:43,321 812047 INFO pro15 odoo.addons.base.models.ir_model: Deleting field library.book.short_name (hint: fields should be explicitly removed by an upgrade script) 
2022-01-12 03:30:43,343 812047 INFO pro15 odoo.models.unlink: User #1 deleted ir.model.data records with IDs: [90361] 
2022-01-12 03:30:43,344 812047 INFO pro15 odoo.models.unlink: User #1 deleted ir.model.fields records with IDs: [11100] 
2022-01-12 03:30:43,365 812047 INFO pro15 odoo.addons.base.models.ir_model: Deleting 819@ir.model.access (my_library.access_library_book_copy) 
2022-01-12 03:30:43,383 812047 INFO pro15 odoo.models.unlink: User #1 deleted ir.model.data records with IDs: [80416] 
2022-01-12 03:30:43,384 812047 INFO pro15 odoo.models.unlink: User #1 deleted ir.model.access records with IDs: [819] 
2022-01-12 03:30:43,394 812047 INFO pro15 odoo.models.unlink: User #1 deleted ir.model.data records with IDs: [90328, 90327, 90326, 90319] 
2022-01-12 03:30:43,395 812047 INFO pro15 odoo.modules.registry: verifying fields for every extended model 
2022-01-12 03:30:43,441 812047 INFO pro15 odoo.schema: Keep unexpected index library_book_copy_name_index on table library_book_copy 
2022-01-12 03:30:43,441 812047 INFO pro15 odoo.schema: Keep unexpected index library_book_name_index on table library_book 
2022-01-12 03:30:44,006 812047 INFO pro15 odoo.modules.loading: Modules loaded. 
2022-01-12 03:30:54,929 812047 INFO ? odoo.http: HTTP Configuring static files 
2022-01-12 03:30:54,940 812047 INFO pro15 odoo.addons.base.models.ir_http: Generating routing map for key None 
2022-01-12 03:30:57,942 812047 INFO pro15 werkzeug: 127.0.0.1 - - [12/Jan/2022 03:30:57] "GET /web HTTP/1.1" 200 - 602 0.441 2.566
2022-01-12 03:30:58,040 812047 INFO pro15 werkzeug: 127.0.0.1 - - [12/Jan/2022 03:30:58] "GET /web/content/600-577d24e/web.assets_common.css HTTP/1.1" 304 - 2 0.003 0.020
2022-01-12 03:30:58,056 812047 INFO pro15 werkzeug: 127.0.0.1 - - [12/Jan/2022 03:30:58] "GET /web/content/613-51bb2c8/web.assets_backend.css HTTP/1.1" 304 - 2 0.003 0.020
2022-01-12 03:30:58,161 812047 INFO pro15 werkzeug: 127.0.0.1 - - [12/Jan/2022 03:30:58] "GET /web/content/602-577d24e/web.assets_common.js HTTP/1.1" 304 - 2 0.006 0.093
2022-01-12 03:30:58,208 812047 INFO pro15 werkzeug: 127.0.0.1 - - [12/Jan/2022 03:30:58] "GET /web/content/352-b418643/web.assets_backend_prod_only.js HTTP/1.1" 304 - 2 0.057 0.056
2022-01-12 03:30:58,212 812047 INFO pro15 werkzeug: 127.0.0.1 - - [12/Jan/2022 03:30:58] "GET /web/content/614-51bb2c8/web.assets_backend.js HTTP/1.1" 304 - 2 0.019 0.115
2022-01-12 03:30:58,440 812047 INFO pro15 werkzeug: 127.0.0.1 - - [12/Jan/2022 03:30:58] "GET /web/webclient/load_menus/5d278c72274e003ee5f08f4a338371871faee62fc27e9110b90d73f5ef8d3517 HTTP/1.1" 200 - 1 0.001 0.015
2022-01-12 03:30:59,112 812047 INFO ? werkzeug: 127.0.0.1 - - [12/Jan/2022 03:30:59] "GET /web/static/src/img/favicon.ico HTTP/1.1" 200 - - - -
2022-01-12 03:30:59,850 812047 INFO pro15 werkzeug: 127.0.0.1 - - [12/Jan/2022 03:30:59] "GET /web/webclient/qweb/e13a93a048b1a127e7e5ee20f514c0cf48cf004c409dfae7577163dd4801d2ef?mods=base,web,base_setup,bus,web_tour,mail,sales_team,product,web_editor,http_routing,auth_signup,portal,resource,digest,account,payment,utm,sale,sale_management,calendar,contacts,crm,barcodes,stock,purchase,my_pet,my_pet_plus,purchase_stock,account_check_printing,auth_totp,auth_totp_portal,base_import,crm_iap_lead,employee_management,iap,l10n_generic_coa,l10n_us,mail_bot,my_library,partner_autocomplete,payment_transfer,sale_stock,sms,snailmail,snailmail_account,web_kanban_gauge,web_unsplash HTTP/1.1" 200 - 1 0.001 0.080
2022-01-12 03:31:00,848 812047 INFO pro15 werkzeug: 127.0.0.1 - - [12/Jan/2022 03:31:00] "GET /web/webclient/translations/5227498d9df4b403b0244c75aac21e0c091e50ce?mods=base%2Cweb%2Cbase_setup%2Cbus%2Cweb_tour%2Cmail%2Csales_team%2Cproduct%2Cweb_editor%2Chttp_routing%2Cauth_signup%2Cportal%2Cresource%2Cdigest%2Caccount%2Cpayment%2Cutm%2Csale%2Csale_management%2Ccalendar%2Ccontacts%2Ccrm%2Cbarcodes%2Cstock%2Cpurchase%2Cmy_pet%2Cmy_pet_plus%2Cpurchase_stock%2Caccount_check_printing%2Cauth_totp%2Cauth_totp_portal%2Cbase_import%2Ccrm_iap_lead%2Cemployee_management%2Ciap%2Cl10n_generic_coa%2Cl10n_us%2Cmail_bot%2Cmy_library%2Cpartner_autocomplete%2Cpayment_transfer%2Csale_stock%2Csms%2Csnailmail%2Csnailmail_account%2Cweb_kanban_gauge%2Cweb_unsplash&lang=en_US HTTP/1.1" 200 - 4 0.006 0.011
2022-01-12 03:31:00,916 812047 INFO pro15 werkzeug: 127.0.0.1 - - [12/Jan/2022 03:31:00] "GET /web/webclient/locale/en_US HTTP/1.1" 200 - 1 0.001 0.016
2022-01-12 03:31:01,181 812047 INFO ? werkzeug: 127.0.0.1 - - [12/Jan/2022 03:31:01] "GET /web/static/src/xml/debug.xml?debug=1641958261139 HTTP/1.1" 200 - - - -
2022-01-12 03:31:01,225 812047 INFO ? werkzeug: 127.0.0.1 - - [12/Jan/2022 03:31:01] "GET /web/static/src/img/user_menu_avatar.png HTTP/1.1" 304 - - - -
2022-01-12 03:31:01,251 812047 INFO ? odoo.addons.bus.models.bus: Bus.loop listen imbus on db postgres 
2022-01-12 03:31:01,426 812047 INFO pro15 werkzeug: 127.0.0.1 - - [12/Jan/2022 03:31:01] "POST /web/dataset/call_kw/ir.rule/check_access_rights HTTP/1.1" 200 - 1 0.021 0.064
2022-01-12 03:31:01,552 812047 INFO pro15 werkzeug: 127.0.0.1 - - [12/Jan/2022 03:31:01] "POST /web/dataset/call_kw/ir.model.access/check_access_rights HTTP/1.1" 200 - 1 0.001 0.123
2022-01-12 03:31:01,605 812047 INFO pro15 werkzeug: 127.0.0.1 - - [12/Jan/2022 03:31:01] "POST /web/dataset/call_kw/ir.ui.view/check_access_rights HTTP/1.1" 200 - 2 0.016 0.051
2022-01-12 03:31:01,610 812047 INFO pro15 werkzeug: 127.0.0.1 - - [12/Jan/2022 03:31:01] "POST /web/dataset/call_kw/res.users/systray_get_activities HTTP/1.1" 200 - 18 0.202 0.112
2022-01-12 03:31:01,640 812047 INFO pro15 werkzeug: 127.0.0.1 - - [12/Jan/2022 03:31:01] "GET /web/image?model=res.users&field=image_128&id=2 HTTP/1.1" 304 - 18 0.182 0.153
2022-01-12 03:31:01,707 812047 INFO pro15 werkzeug: 127.0.0.1 - - [12/Jan/2022 03:31:01] "POST /web/dataset/call_kw/res.users/read HTTP/1.1" 200 - 2 0.007 0.018
2022-01-12 03:31:01,733 812047 INFO ? werkzeug: 127.0.0.1 - - [12/Jan/2022 03:31:01] "GET /account/static/description/icon.png HTTP/1.1" 304 - - - -
2022-01-12 03:31:01,770 812047 INFO ? werkzeug: 127.0.0.1 - - [12/Jan/2022 03:31:01] "GET /crm/static/description/icon.png HTTP/1.1" 304 - - - -
2022-01-12 03:31:01,794 812047 INFO ? werkzeug: 127.0.0.1 - - [12/Jan/2022 03:31:01] "GET /purchase/static/description/icon.png HTTP/1.1" 304 - - - -
2022-01-12 03:31:01,804 812047 INFO ? werkzeug: 127.0.0.1 - - [12/Jan/2022 03:31:01] "GET /sale/static/description/icon.png HTTP/1.1" 304 - - - -
2022-01-12 03:31:01,895 812047 INFO pro15 werkzeug: 127.0.0.1 - - [12/Jan/2022 03:31:01] "POST /calendar/notify HTTP/1.1" 200 - 3 0.021 0.026
2022-01-12 03:31:01,935 812047 INFO pro15 werkzeug: 127.0.0.1 - - [12/Jan/2022 03:31:01] "POST /web/action/load HTTP/1.1" 200 - 9 0.031 0.060
2022-01-12 03:31:01,958 812047 INFO pro15 werkzeug: 127.0.0.1 - - [12/Jan/2022 03:31:01] "POST /mail/init_messaging HTTP/1.1" 200 - 117 0.583 0.353
2022-01-12 03:31:02,126 812047 INFO pro15 werkzeug: 127.0.0.1 - - [12/Jan/2022 03:31:02] "POST /web/dataset/call_kw/mail.message/load_views HTTP/1.1" 200 - 29 0.038 0.107
2022-01-12 03:31:02,176 812047 INFO pro15 werkzeug: 127.0.0.1 - - [12/Jan/2022 03:31:02] "POST /longpolling/im_status HTTP/1.1" 200 - 12 0.017 0.036
2022-01-12 03:31:02,574 812047 INFO pro15 werkzeug: 127.0.0.1 - - [12/Jan/2022 03:31:02] "POST /web/dataset/call_kw/mail.message/message_fetch HTTP/1.1" 200 - 11 0.025 0.023
2022-01-12 03:31:05,590 812047 INFO pro15 werkzeug: 127.0.0.1 - - [12/Jan/2022 03:31:05] "POST /web/action/load HTTP/1.1" 200 - 22 0.018 0.056
2022-01-12 03:31:05,727 812047 INFO pro15 werkzeug: 127.0.0.1 - - [12/Jan/2022 03:31:05] "POST /web/dataset/call_kw/library.book/load_views HTTP/1.1" 200 - 41 0.032 0.074
2022-01-12 03:31:05,773 812047 INFO pro15 werkzeug: 127.0.0.1 - - [12/Jan/2022 03:31:05] "POST /web/dataset/search_read HTTP/1.1" 200 - 6 0.007 0.012
2022-01-12 03:31:05,818 812047 INFO pro15 werkzeug: 127.0.0.1 - - [12/Jan/2022 03:31:05] "POST /web/dataset/call_kw/res.users/has_group HTTP/1.1" 200 - 2 0.001 0.011
2022-01-12 03:31:09,686 812047 INFO pro15 werkzeug: 127.0.0.1 - - [12/Jan/2022 03:31:09] "POST /web/action/load HTTP/1.1" 200 - 22 0.013 0.045
2022-01-12 03:31:09,804 812047 INFO pro15 werkzeug: 127.0.0.1 - - [12/Jan/2022 03:31:09] "POST /web/dataset/call_kw/library.book.rent/load_views HTTP/1.1" 200 - 34 0.029 0.070
2022-01-12 03:31:09,893 812047 INFO pro15 werkzeug: 127.0.0.1 - - [12/Jan/2022 03:31:09] "POST /web/dataset/search_read HTTP/1.1" 200 - 4 0.012 0.012
2022-01-12 03:31:11,144 812047 INFO pro15 werkzeug: 127.0.0.1 - - [12/Jan/2022 03:31:11] "POST /web/dataset/call_kw/library.book.rent/onchange HTTP/1.1" 200 - 3 0.003 0.011
2022-01-12 03:31:11,319 812047 INFO ? werkzeug: 127.0.0.1 - - [12/Jan/2022 03:31:11] "GET /web/static/src/img/form_sheetbg.png HTTP/1.1" 304 - - - -
2022-01-12 03:31:13,692 812047 INFO pro15 werkzeug: 127.0.0.1 - - [12/Jan/2022 03:31:13] "POST /web/action/load HTTP/1.1" 200 - 14 0.009 0.032
2022-01-12 03:31:13,802 812047 INFO pro15 werkzeug: 127.0.0.1 - - [12/Jan/2022 03:31:13] "POST /web/dataset/call_kw/library.book.category/load_views HTTP/1.1" 200 - 31 0.034 0.055
2022-01-12 03:31:13,845 812047 INFO pro15 werkzeug: 127.0.0.1 - - [12/Jan/2022 03:31:13] "POST /web/dataset/search_read HTTP/1.1" 200 - 6 0.006 0.009
2022-01-12 03:31:15,122 812047 INFO pro15 werkzeug: 127.0.0.1 - - [12/Jan/2022 03:31:15] "POST /web/dataset/search_read HTTP/1.1" 200 - 6 0.004 0.012
2022-01-12 03:31:16,773 812047 INFO pro15 werkzeug: 127.0.0.1 - - [12/Jan/2022 03:31:16] "POST /web/dataset/search_read HTTP/1.1" 200 - 4 0.004 0.008
2022-01-12 03:31:19,428 812047 INFO pro15 werkzeug: 127.0.0.1 - - [12/Jan/2022 03:31:19] "POST /web/dataset/call_kw/library.book.rent/onchange HTTP/1.1" 200 - 2 0.001 0.012
2022-01-12 03:31:20,525 812047 INFO pro15 werkzeug: 127.0.0.1 - - [12/Jan/2022 03:31:20] "POST /web/dataset/call_kw/library.book/name_search HTTP/1.1" 200 - 4 0.004 0.010
2022-01-12 03:31:26,743 812047 INFO pro15 werkzeug: 127.0.0.1 - - [12/Jan/2022 03:31:26] "POST /web/dataset/call_kw/library.book/name_search HTTP/1.1" 200 - 4 0.003 0.009
2022-01-12 03:31:29,289 812047 INFO pro15 werkzeug: 127.0.0.1 - - [12/Jan/2022 03:31:29] "POST /web/dataset/call_kw/res.partner/name_search HTTP/1.1" 200 - 9 0.009 0.032
2022-01-12 03:31:31,030 812047 INFO pro15 werkzeug: 127.0.0.1 - - [12/Jan/2022 03:31:31] "POST /web/dataset/call_kw/library.book/name_search HTTP/1.1" 200 - 4 0.003 0.007
2022-01-12 03:31:36,726 812047 INFO pro15 werkzeug: 127.0.0.1 - - [12/Jan/2022 03:31:36] "POST /web/dataset/call_kw/library.book/name_search HTTP/1.1" 200 - 4 0.002 0.010
2022-01-12 03:31:38,563 812047 INFO pro15 werkzeug: 127.0.0.1 - - [12/Jan/2022 03:31:38] "POST /web/dataset/call_kw/library.book/name_search HTTP/1.1" 200 - 4 0.002 0.011
2022-01-12 03:31:39,883 812047 INFO pro15 werkzeug: 127.0.0.1 - - [12/Jan/2022 03:31:39] "POST /web/dataset/call_kw/library.book/name_search HTTP/1.1" 200 - 4 0.004 0.009
2022-01-12 03:31:40,382 812047 INFO pro15 werkzeug: 127.0.0.1 - - [12/Jan/2022 03:31:40] "POST /web/dataset/call_kw/library.book/name_search HTTP/1.1" 200 - 4 0.003 0.009
2022-01-12 03:31:40,930 812047 INFO pro15 werkzeug: 127.0.0.1 - - [12/Jan/2022 03:31:40] "POST /web/dataset/call_kw/library.book/name_search HTTP/1.1" 200 - 4 0.003 0.010
2022-01-12 03:31:41,632 812047 INFO pro15 werkzeug: 127.0.0.1 - - [12/Jan/2022 03:31:41] "POST /web/dataset/call_kw/library.book/name_search HTTP/1.1" 200 - 4 0.003 0.009
2022-01-12 03:31:42,931 812047 ERROR pro15 odoo.sql_db: bad query: INSERT INTO "library_book" ("id", "create_uid", "create_date", "write_uid", "write_date", "active", "name", "state") VALUES (nextval('library_book_id_seq'), 2, (now() at time zone 'UTC'), 2, (now() at time zone 'UTC'), true, 'HKGH', 'available') RETURNING id
ERROR: duplicate key value violates unique constraint "library_book_name_uniq"
DETAIL:  Key (name)=(HKGH) already exists.
 
2022-01-12 03:31:42,932 812047 WARNING pro15 odoo.http: duplicate key value violates unique constraint "library_book_name_uniq"
DETAIL:  Key (name)=(HKGH) already exists.
 
2022-01-12 03:31:42,940 812047 INFO pro15 werkzeug: 127.0.0.1 - - [12/Jan/2022 03:31:42] "POST /web/dataset/call_kw/library.book/name_create HTTP/1.1" 200 - 4 0.003 0.021
2022-01-12 03:31:43,000 812047 INFO pro15 werkzeug: 127.0.0.1 - - [12/Jan/2022 03:31:43] "POST /web/dataset/call_kw/library.book/load_views HTTP/1.1" 200 - 13 0.010 0.033
2022-01-12 03:31:43,049 812047 INFO pro15 werkzeug: 127.0.0.1 - - [12/Jan/2022 03:31:43] "POST /web/dataset/call_kw/library.book/onchange HTTP/1.1" 200 - 2 0.002 0.015
2022-01-12 03:31:43,122 812047 INFO ? werkzeug: 127.0.0.1 - - [12/Jan/2022 03:31:43] "GET /web/static/src/xml/dialog.xml?debug=1641958303113 HTTP/1.1" 200 - - - -
2022-01-12 03:31:43,155 812047 INFO pro15 werkzeug: 127.0.0.1 - - [12/Jan/2022 03:31:43] "POST /web/dataset/call_kw/library.book/name_search HTTP/1.1" 200 - 4 0.005 0.011
2022-01-12 03:31:44,089 812047 INFO pro15 odoo.addons.base.models.ir_cron: Starting job `Calendar: Event Reminder`. 
2022-01-12 03:31:44,132 812047 INFO pro15 odoo.addons.base.models.ir_cron: Job `Calendar: Event Reminder` done. 
2022-01-12 03:31:44,133 812047 INFO pro15 odoo.addons.base.models.ir_cron: Starting job `Post process payment transactions`. 
2022-01-12 03:31:44,160 812047 INFO pro15 odoo.addons.base.models.ir_cron: Job `Post process payment transactions` done. 
2022-01-12 03:31:44,161 812047 INFO pro15 odoo.addons.base.models.ir_cron: Starting job `Partner Autocomplete : Sync with remote DB`. 
2022-01-12 03:31:44,184 812047 INFO pro15 odoo.addons.base.models.ir_cron: Job `Partner Autocomplete : Sync with remote DB` done. 
2022-01-12 03:31:44,185 812047 INFO pro15 odoo.addons.base.models.ir_cron: Starting job `Snailmail: process letters queue`. 
2022-01-12 03:31:44,212 812047 INFO pro15 odoo.addons.base.models.ir_cron: Job `Snailmail: process letters queue` done. 
2022-01-12 03:31:44,214 812047 INFO pro15 odoo.addons.base.models.ir_cron: Starting job `SMS: SMS Queue Manager`. 
2022-01-12 03:31:44,246 812047 INFO pro15 odoo.addons.base.models.ir_cron: Job `SMS: SMS Queue Manager` done. 
2022-01-12 03:31:44,247 812047 INFO pro15 odoo.addons.base.models.ir_cron: Starting job `Base: Auto-vacuum internal data`. 
2022-01-12 03:31:44,348 812047 INFO pro15 odoo.addons.base.models.ir_attachment: filestore gc 4 checked, 1 removed 
2022-01-12 03:31:44,493 812047 INFO pro15 odoo.addons.base.models.res_users: GC'd 0 user log entries 
2022-01-12 03:31:44,527 812047 INFO pro15 odoo.models.unlink: User #1 deleted base.module.update records with IDs: [14, 15, 16] 
2022-01-12 03:31:44,545 812047 INFO pro15 odoo.models.unlink: User #1 deleted base.module.uninstall records with IDs: [13, 14, 16, 17, 19, 20, 21, 22, 23, 25] 
2022-01-12 03:31:44,627 812047 INFO pro15 odoo.models.unlink: User #1 deleted bus.bus records with IDs: [88, 89, 90, 91, 92, 93] 
2022-01-12 03:31:45,277 812047 INFO pro15 odoo.addons.base.models.ir_cron: Job `Base: Auto-vacuum internal data` done. 
2022-01-12 03:31:47,579 812047 ERROR pro15 odoo.sql_db: bad query: INSERT INTO "library_book" ("id", "create_uid", "create_date", "write_uid", "write_date", "active", "category_id", "cost_price", "date_release", "date_return", "name", "state") VALUES (nextval('library_book_id_seq'), 2, (now() at time zone 'UTC'), 2, (now() at time zone 'UTC'), true, NULL, 0.0, NULL, NULL, 'HKGH', 'available') RETURNING id
ERROR: duplicate key value violates unique constraint "library_book_name_uniq"
DETAIL:  Key (name)=(HKGH) already exists.
 
2022-01-12 03:31:47,579 812047 WARNING pro15 odoo.http: duplicate key value violates unique constraint "library_book_name_uniq"
DETAIL:  Key (name)=(HKGH) already exists.
 
2022-01-12 03:31:47,586 812047 INFO pro15 werkzeug: 127.0.0.1 - - [12/Jan/2022 03:31:47] "POST /web/dataset/call_kw/library.book/create HTTP/1.1" 200 - 2 0.005 0.019
2022-01-12 03:31:47,650 812047 INFO ? werkzeug: 127.0.0.1 - - [12/Jan/2022 03:31:47] "GET /web/static/src/xml/crash_manager.xml?debug=1641958307639 HTTP/1.1" 200 - - - -
2022-01-12 03:31:51,149 812047 ERROR pro15 odoo.sql_db: bad query: INSERT INTO "library_book" ("id", "create_uid", "create_date", "write_uid", "write_date", "active", "category_id", "cost_price", "date_release", "date_return", "name", "state") VALUES (nextval('library_book_id_seq'), 2, (now() at time zone 'UTC'), 2, (now() at time zone 'UTC'), true, NULL, 0.0, NULL, NULL, 'HKGH', 'available') RETURNING id
ERROR: duplicate key value violates unique constraint "library_book_name_uniq"
DETAIL:  Key (name)=(HKGH) already exists.
 
2022-01-12 03:31:51,150 812047 WARNING pro15 odoo.http: duplicate key value violates unique constraint "library_book_name_uniq"
DETAIL:  Key (name)=(HKGH) already exists.
 
2022-01-12 03:31:51,154 812047 INFO pro15 werkzeug: 127.0.0.1 - - [12/Jan/2022 03:31:51] "POST /web/dataset/call_kw/library.book/create HTTP/1.1" 200 - 2 0.003 0.011
2022-01-12 03:31:51,258 812047 INFO pro15 werkzeug: 127.0.0.1 - - [12/Jan/2022 03:31:51] "POST /longpolling/poll HTTP/1.1" 200 - 21 0.103 50.080
2022-01-12 03:31:52,803 812047 INFO pro15 werkzeug: 127.0.0.1 - - [12/Jan/2022 03:31:52] "POST /longpolling/im_status HTTP/1.1" 200 - 12 0.009 0.033
2022-01-12 03:31:54,135 812047 ERROR pro15 odoo.sql_db: bad query: INSERT INTO "library_book" ("id", "create_uid", "create_date", "write_uid", "write_date", "active", "category_id", "cost_price", "date_release", "date_return", "name", "state") VALUES (nextval('library_book_id_seq'), 2, (now() at time zone 'UTC'), 2, (now() at time zone 'UTC'), true, NULL, 0.0, NULL, NULL, 'HKGH', 'available') RETURNING id
ERROR: duplicate key value violates unique constraint "library_book_name_uniq"
DETAIL:  Key (name)=(HKGH) already exists.
 
2022-01-12 03:31:54,136 812047 WARNING pro15 odoo.http: duplicate key value violates unique constraint "library_book_name_uniq"
DETAIL:  Key (name)=(HKGH) already exists.
 
2022-01-12 03:31:54,141 812047 INFO pro15 werkzeug: 127.0.0.1 - - [12/Jan/2022 03:31:54] "POST /web/dataset/call_kw/library.book/create HTTP/1.1" 200 - 2 0.002 0.017
2022-01-12 03:31:57,132 812047 ERROR pro15 odoo.sql_db: bad query: INSERT INTO "library_book" ("id", "create_uid", "create_date", "write_uid", "write_date", "active", "category_id", "cost_price", "date_release", "date_return", "name", "state") VALUES (nextval('library_book_id_seq'), 2, (now() at time zone 'UTC'), 2, (now() at time zone 'UTC'), true, NULL, 0.0, NULL, NULL, 'HKGH', 'available') RETURNING id
ERROR: duplicate key value violates unique constraint "library_book_name_uniq"
DETAIL:  Key (name)=(HKGH) already exists.
 
2022-01-12 03:31:57,133 812047 WARNING pro15 odoo.http: duplicate key value violates unique constraint "library_book_name_uniq"
DETAIL:  Key (name)=(HKGH) already exists.
 
2022-01-12 03:31:57,137 812047 INFO pro15 werkzeug: 127.0.0.1 - - [12/Jan/2022 03:31:57] "POST /web/dataset/call_kw/library.book/create HTTP/1.1" 200 - 2 0.001 0.013
2022-01-12 03:31:58,956 812047 ERROR pro15 odoo.sql_db: bad query: INSERT INTO "library_book" ("id", "create_uid", "create_date", "write_uid", "write_date", "active", "category_id", "cost_price", "date_release", "date_return", "name", "state") VALUES (nextval('library_book_id_seq'), 2, (now() at time zone 'UTC'), 2, (now() at time zone 'UTC'), true, NULL, 0.0, NULL, NULL, 'HKGH', 'available') RETURNING id
ERROR: duplicate key value violates unique constraint "library_book_name_uniq"
DETAIL:  Key (name)=(HKGH) already exists.
 
2022-01-12 03:31:58,956 812047 WARNING pro15 odoo.http: duplicate key value violates unique constraint "library_book_name_uniq"
DETAIL:  Key (name)=(HKGH) already exists.
 
2022-01-12 03:31:58,960 812047 INFO pro15 werkzeug: 127.0.0.1 - - [12/Jan/2022 03:31:58] "POST /web/dataset/call_kw/library.book/create HTTP/1.1" 200 - 2 0.003 0.014
2022-01-12 03:32:02,317 812047 ERROR pro15 odoo.sql_db: bad query: INSERT INTO "library_book" ("id", "create_uid", "create_date", "write_uid", "write_date", "active", "category_id", "cost_price", "date_release", "date_return", "name", "state") VALUES (nextval('library_book_id_seq'), 2, (now() at time zone 'UTC'), 2, (now() at time zone 'UTC'), true, NULL, 0.0, NULL, NULL, 'HKGH', 'available') RETURNING id
ERROR: duplicate key value violates unique constraint "library_book_name_uniq"
DETAIL:  Key (name)=(HKGH) already exists.
 
2022-01-12 03:32:02,318 812047 WARNING pro15 odoo.http: duplicate key value violates unique constraint "library_book_name_uniq"
DETAIL:  Key (name)=(HKGH) already exists.
 
2022-01-12 03:32:02,324 812047 INFO pro15 werkzeug: 127.0.0.1 - - [12/Jan/2022 03:32:02] "POST /web/dataset/call_kw/library.book/create HTTP/1.1" 200 - 2 0.002 0.020
2022-01-12 03:32:10,311 812047 INFO pro15 werkzeug: 127.0.0.1 - - [12/Jan/2022 03:32:10] "POST /web/dataset/call_kw/library.book/name_search HTTP/1.1" 200 - 4 0.006 0.013
2022-01-12 03:32:11,518 812047 INFO pro15 werkzeug: 127.0.0.1 - - [12/Jan/2022 03:32:11] "POST /web/dataset/call_kw/library.book/name_search HTTP/1.1" 200 - 4 0.003 0.008
2022-01-12 03:32:12,410 812047 INFO pro15 werkzeug: 127.0.0.1 - - [12/Jan/2022 03:32:12] "POST /web/dataset/call_kw/library.book/name_search HTTP/1.1" 200 - 4 0.003 0.013
2022-01-12 03:32:13,084 812047 INFO pro15 werkzeug: 127.0.0.1 - - [12/Jan/2022 03:32:13] "POST /web/dataset/call_kw/library.book/name_search HTTP/1.1" 200 - 4 0.003 0.013
2022-01-12 03:32:13,675 812047 INFO pro15 werkzeug: 127.0.0.1 - - [12/Jan/2022 03:32:13] "POST /web/dataset/call_kw/library.book/name_search HTTP/1.1" 200 - 4 0.004 0.011
2022-01-12 03:32:18,482 812047 INFO pro15 werkzeug: 127.0.0.1 - - [12/Jan/2022 03:32:18] "POST /web/dataset/call_kw/library.book/name_create HTTP/1.1" 200 - 4 0.007 0.020
2022-01-12 03:32:20,000 812047 INFO pro15 werkzeug: 127.0.0.1 - - [12/Jan/2022 03:32:20] "POST /web/dataset/call_kw/library.book.rent/create HTTP/1.1" 200 - 11 0.009 0.026
2022-01-12 03:32:20,059 812047 INFO pro15 werkzeug: 127.0.0.1 - - [12/Jan/2022 03:32:20] "POST /web/dataset/call_kw/library.book.rent/read HTTP/1.1" 200 - 5 0.005 0.024
2022-01-12 03:32:21,026 812047 INFO pro15 werkzeug: 127.0.0.1 - - [12/Jan/2022 03:32:21] "POST /web/dataset/search_read HTTP/1.1" 200 - 8 0.007 0.016
2022-01-12 03:32:22,893 812047 INFO pro15 werkzeug: 127.0.0.1 - - [12/Jan/2022 03:32:22] "POST /web/dataset/call_kw/library.book.rent/read HTTP/1.1" 200 - 5 0.003 0.015
2022-01-12 03:32:25,240 812047 INFO pro15 werkzeug: 127.0.0.1 - - [12/Jan/2022 03:32:25] "POST /web/dataset/call_button HTTP/1.1" 200 - 9 0.008 0.020
2022-01-12 03:32:25,308 812047 INFO pro15 werkzeug: 127.0.0.1 - - [12/Jan/2022 03:32:25] "POST /web/dataset/call_kw/library.book.rent/read HTTP/1.1" 200 - 5 0.004 0.025
2022-01-12 03:32:28,623 812047 INFO pro15 werkzeug: 127.0.0.1 - - [12/Jan/2022 03:32:28] "POST /web/dataset/search_read HTTP/1.1" 200 - 8 0.005 0.013
2022-01-12 03:32:29,808 812047 INFO pro15 werkzeug: 127.0.0.1 - - [12/Jan/2022 03:32:29] "POST /web/dataset/call_kw/library.book.rent/read HTTP/1.1" 200 - 5 0.003 0.020
2022-01-12 03:32:33,048 812047 INFO pro15 werkzeug: 127.0.0.1 - - [12/Jan/2022 03:32:33] "POST /web/dataset/search_read HTTP/1.1" 200 - 8 0.005 0.015
2022-01-12 03:32:34,035 812047 INFO pro15 werkzeug: 127.0.0.1 - - [12/Jan/2022 03:32:34] "POST /web/dataset/call_kw/library.book.rent/read HTTP/1.1" 200 - 5 0.004 0.015
2022-01-12 03:32:36,579 812047 INFO pro15 werkzeug: 127.0.0.1 - - [12/Jan/2022 03:32:36] "POST /web/dataset/search_read HTTP/1.1" 200 - 6 0.006 0.010
2022-01-12 03:32:40,604 812047 INFO pro15 werkzeug: 127.0.0.1 - - [12/Jan/2022 03:32:40] "POST /web/dataset/search_read HTTP/1.1" 200 - 6 0.005 0.012
2022-01-12 03:32:41,367 812047 INFO pro15 werkzeug: 127.0.0.1 - - [12/Jan/2022 03:32:41] "POST /longpolling/poll HTTP/1.1" 200 - 19 0.026 50.045
2022-01-12 03:32:42,859 812047 INFO pro15 werkzeug: 127.0.0.1 - - [12/Jan/2022 03:32:42] "POST /longpolling/im_status HTTP/1.1" 200 - 12 0.011 0.030
2022-01-12 03:32:43,828 812047 INFO pro15 werkzeug: 127.0.0.1 - - [12/Jan/2022 03:32:43] "POST /web/dataset/call_kw/library.book/read HTTP/1.1" 200 - 10 0.008 0.022
2022-01-12 03:32:45,339 812047 INFO pro15 odoo.addons.base.models.ir_cron: Starting job `Post process payment transactions`. 
2022-01-12 03:32:45,372 812047 INFO pro15 odoo.addons.base.models.ir_cron: Job `Post process payment transactions` done. 
2022-01-12 03:32:47,065 812047 INFO pro15 werkzeug: 127.0.0.1 - - [12/Jan/2022 03:32:47] "POST /web/dataset/search_read HTTP/1.1" 200 - 6 0.006 0.014
2022-01-12 03:32:57,611 812047 INFO pro15 werkzeug: 127.0.0.1 - - [12/Jan/2022 03:32:57] "POST /web/dataset/call_kw/library.book/onchange HTTP/1.1" 200 - 2 0.001 0.012
2022-01-12 03:33:05,633 812047 INFO pro15 werkzeug: 127.0.0.1 - - [12/Jan/2022 03:33:05] "POST /web/dataset/search_read HTTP/1.1" 200 - 6 0.004 0.009
2022-01-12 03:33:30,148 812047 INFO pro15 werkzeug: 127.0.0.1 - - [12/Jan/2022 03:33:30] "POST /web/dataset/search_read HTTP/1.1" 200 - 6 0.005 0.012
2022-01-12 03:33:30,660 812047 INFO pro15 werkzeug: 127.0.0.1 - - [12/Jan/2022 03:33:30] "POST /web/dataset/search_read HTTP/1.1" 200 - 8 0.007 0.025
2022-01-12 03:33:31,437 812047 INFO pro15 werkzeug: 127.0.0.1 - - [12/Jan/2022 03:33:31] "POST /longpolling/poll HTTP/1.1" 200 - 19 0.020 50.035
2022-01-12 03:33:32,918 812047 INFO pro15 werkzeug: 127.0.0.1 - - [12/Jan/2022 03:33:32] "POST /longpolling/im_status HTTP/1.1" 200 - 12 0.009 0.028
2022-01-12 03:33:49,617 812047 INFO pro15 werkzeug: 127.0.0.1 - - [12/Jan/2022 03:33:49] "POST /web/dataset/call_kw/library.book.rent/onchange HTTP/1.1" 200 - 2 0.005 0.012
2022-01-12 03:33:53,160 812047 INFO pro15 werkzeug: 127.0.0.1 - - [12/Jan/2022 03:33:53] "POST /web/dataset/call_kw/res.partner/name_search HTTP/1.1" 200 - 9 0.006 0.020
2022-01-12 03:33:58,899 812047 INFO pro15 werkzeug: 127.0.0.1 - - [12/Jan/2022 03:33:58] "POST /web/dataset/search_read HTTP/1.1" 200 - 6 0.004 0.010
2022-01-12 03:34:01,162 812047 INFO pro15 werkzeug: 127.0.0.1 - - [12/Jan/2022 03:34:01] "POST /web/dataset/call_kw/library.book.category/load_views HTTP/1.1" 200 - 8 0.005 0.026
2022-01-12 03:34:01,203 812047 INFO pro15 werkzeug: 127.0.0.1 - - [12/Jan/2022 03:34:01] "POST /web/dataset/call_kw/library.book.category/onchange HTTP/1.1" 200 - 3 0.003 0.011
2022-01-12 03:34:06,786 812047 INFO pro15 werkzeug: 127.0.0.1 - - [12/Jan/2022 03:34:06] "POST /web/dataset/search_read HTTP/1.1" 200 - 6 0.005 0.011
2022-01-12 03:34:10,310 812047 INFO pro15 werkzeug: 127.0.0.1 - - [12/Jan/2022 03:34:10] "POST /web/dataset/call_kw/library.book.category/onchange HTTP/1.1" 200 - 2 0.002 0.022
2022-01-12 03:34:21,501 812047 INFO pro15 werkzeug: 127.0.0.1 - - [12/Jan/2022 03:34:21] "POST /longpolling/poll HTTP/1.1" 200 - 19 0.013 50.032
2022-01-12 03:34:22,973 812047 INFO pro15 werkzeug: 127.0.0.1 - - [12/Jan/2022 03:34:22] "POST /longpolling/im_status HTTP/1.1" 200 - 12 0.009 0.033
2022-01-12 03:34:45,494 812047 INFO pro15 odoo.addons.base.models.ir_cron: Starting job `Notification: Delete Notifications older than 6 Month`. 
2022-01-12 03:34:45,526 812047 INFO pro15 odoo.addons.base.models.ir_cron: Job `Notification: Delete Notifications older than 6 Month` done. 
2022-01-12 03:34:45,528 812047 INFO pro15 odoo.addons.base.models.ir_cron: Starting job `Mail: Email Queue Manager`. 
2022-01-12 03:34:45,559 812047 INFO pro15 odoo.addons.base.models.ir_cron: Job `Mail: Email Queue Manager` done. 
2022-01-12 03:34:45,560 812047 INFO pro15 odoo.addons.base.models.ir_cron: Starting job `Users: Notify About Unregistered Users`. 
2022-01-12 03:34:45,586 812047 INFO pro15 odoo.addons.base.models.ir_cron: Job `Users: Notify About Unregistered Users` done. 
2022-01-12 03:34:45,587 812047 INFO pro15 odoo.addons.base.models.ir_cron: Starting job `Publisher: Update Notification`. 
2022-01-12 03:34:46,229 812047 INFO pro15 odoo.addons.base.models.ir_cron: Job `Publisher: Update Notification` done. 
2022-01-12 03:34:46,232 812047 INFO pro15 odoo.addons.base.models.ir_cron: Starting job `Mail: Notify channel moderators`. 
2022-01-12 03:34:46,298 812047 INFO pro15 odoo.addons.base.models.ir_cron: Job `Mail: Notify channel moderators` done. 
2022-01-12 03:35:11,578 812047 INFO pro15 werkzeug: 127.0.0.1 - - [12/Jan/2022 03:35:11] "POST /longpolling/poll HTTP/1.1" 200 - 19 0.016 50.033
2022-01-12 03:35:13,742 812047 INFO pro15 werkzeug: 127.0.0.1 - - [12/Jan/2022 03:35:13] "POST /longpolling/im_status HTTP/1.1" 200 - 12 0.008 0.031
2022-01-12 03:35:46,361 812047 INFO pro15 odoo.addons.base.models.ir_cron: Starting job `Partner Autocomplete : Sync with remote DB`. 
2022-01-12 03:35:46,393 812047 INFO pro15 odoo.addons.base.models.ir_cron: Job `Partner Autocomplete : Sync with remote DB` done. 
2022-01-12 03:35:46,394 812047 INFO pro15 odoo.addons.base.models.ir_cron: Starting job `Snailmail: process letters queue`. 
2022-01-12 03:35:46,420 812047 INFO pro15 odoo.addons.base.models.ir_cron: Job `Snailmail: process letters queue` done. 
2022-01-12 03:35:46,421 812047 INFO pro15 odoo.addons.base.models.ir_cron: Starting job `SMS: SMS Queue Manager`. 
2022-01-12 03:35:46,441 812047 INFO pro15 odoo.addons.base.models.ir_cron: Job `SMS: SMS Queue Manager` done. 
2022-01-12 03:36:02,747 812047 INFO pro15 werkzeug: 127.0.0.1 - - [12/Jan/2022 03:36:02] "POST /longpolling/poll HTTP/1.1" 200 - 19 0.014 50.029
2022-01-12 03:36:05,811 812047 INFO pro15 werkzeug: 127.0.0.1 - - [12/Jan/2022 03:36:05] "POST /longpolling/im_status HTTP/1.1" 200 - 12 0.008 0.029
2022-01-12 03:36:53,804 812047 INFO pro15 werkzeug: 127.0.0.1 - - [12/Jan/2022 03:36:53] "POST /longpolling/poll HTTP/1.1" 200 - 19 0.010 50.023
2022-01-12 03:36:57,891 812047 INFO pro15 werkzeug: 127.0.0.1 - - [12/Jan/2022 03:36:57] "POST /longpolling/im_status HTTP/1.1" 200 - 12 0.011 0.038
2022-01-12 03:37:44,882 812047 INFO pro15 werkzeug: 127.0.0.1 - - [12/Jan/2022 03:37:44] "POST /longpolling/poll HTTP/1.1" 200 - 19 0.011 50.029
2022-01-12 03:37:49,961 812047 INFO pro15 werkzeug: 127.0.0.1 - - [12/Jan/2022 03:37:49] "POST /longpolling/im_status HTTP/1.1" 200 - 12 0.008 0.030
2022-01-12 03:38:16,346 812047 INFO pro15 werkzeug: 127.0.0.1 - - [12/Jan/2022 03:38:16] "POST /web/dataset/search_read HTTP/1.1" 200 - 6 0.007 0.013
2022-01-12 03:38:22,008 812047 INFO pro15 werkzeug: 127.0.0.1 - - [12/Jan/2022 03:38:22] "POST /web/dataset/search_read HTTP/1.1" 200 - 6 0.004 0.010
2022-01-12 03:38:23,104 812047 INFO pro15 werkzeug: 127.0.0.1 - - [12/Jan/2022 03:38:23] "POST /web/dataset/call_kw/library.book/onchange HTTP/1.1" 200 - 2 0.001 0.011
2022-01-12 03:38:35,954 812047 INFO pro15 werkzeug: 127.0.0.1 - - [12/Jan/2022 03:38:35] "POST /longpolling/poll HTTP/1.1" 200 - 19 0.011 50.024
2022-01-12 03:38:42,404 812047 INFO pro15 werkzeug: 127.0.0.1 - - [12/Jan/2022 03:38:42] "POST /longpolling/im_status HTTP/1.1" 200 - 12 0.014 0.036
2022-01-12 03:39:27,389 812047 INFO pro15 werkzeug: 127.0.0.1 - - [12/Jan/2022 03:39:27] "POST /longpolling/poll HTTP/1.1" 200 - 19 0.013 50.028
2022-01-12 03:39:34,482 812047 INFO pro15 werkzeug: 127.0.0.1 - - [12/Jan/2022 03:39:34] "POST /longpolling/im_status HTTP/1.1" 200 - 12 0.010 0.032
2022-01-12 03:39:55,956 817865 INFO ? odoo: Odoo version 14.0 
2022-01-12 03:39:55,957 817865 INFO ? odoo: Using configuration file at /home/thinhnv/Desktop/Odoo/05.Config/config.cfg 
2022-01-12 03:39:55,958 817865 INFO ? odoo: addons paths: ['/home/thinhnv/Desktop/Odoo/99.Odoo14/server/odoo/addons', '/home/thinhnv/Desktop/Odoo/03.Filestore/filestore/addons/14.0', '/home/thinhnv/Desktop/Odoo/99.Odoo14/server/addons', '/home/thinhnv/Desktop/Odoo/99.Odoo14/myAddon', '/home/thinhnv/Desktop/Odoo/99.Odoo14/server/odoo'] 
2022-01-12 03:39:55,958 817865 INFO ? odoo: database: thinhnv@localhost:5432 
2022-01-12 03:39:56,395 817865 INFO ? odoo.addons.base.models.ir_actions_report: You need Wkhtmltopdf to print a pdf version of the reports. 
2022-01-12 03:39:56,642 817865 INFO ? odoo.service.server: HTTP service (werkzeug) running on localhost:8014 
2022-01-12 03:39:56,662 817865 INFO pro15 odoo.modules.loading: loading 1 modules... 
2022-01-12 03:39:56,693 817865 INFO pro15 odoo.modules.loading: 1 modules loaded in 0.03s, 0 queries (+0 extra) 
2022-01-12 03:39:56,880 817865 INFO pro15 odoo.modules.loading: updating modules list 
2022-01-12 03:39:56,885 817865 INFO pro15 odoo.addons.base.models.ir_module: ALLOW access to module.update_list on [] to user __system__ #1 via n/a 
2022-01-12 03:39:58,523 817865 INFO pro15 odoo.addons.base.models.ir_module: ALLOW access to module.button_upgrade on ['My library'] to user __system__ #1 via n/a 
2022-01-12 03:39:58,524 817865 INFO pro15 odoo.addons.base.models.ir_module: ALLOW access to module.update_list on ['My library'] to user __system__ #1 via n/a 
2022-01-12 03:40:00,135 817865 INFO pro15 odoo.addons.base.models.ir_module: ALLOW access to module.button_install on [] to user __system__ #1 via n/a 
2022-01-12 03:40:00,335 817865 INFO pro15 odoo.modules.loading: loading 68 modules... 
2022-01-12 03:40:00,348 817865 WARNING pro15 odoo.models: The model salary has no _description 
2022-01-12 03:40:00,349 817865 WARNING pro15 odoo.models: The model intrutor has no _description 
2022-01-12 03:40:00,349 817865 INFO pro15 odoo.modules.loading: Loading module my_library (3/68) 
2022-01-12 03:40:00,472 817865 WARNING pro15 odoo.models: The model library.book.category has no _description 
2022-01-12 03:40:00,474 817865 WARNING pro15 odoo.models: The model library.book.rent has no _description 
2022-01-12 03:40:00,531 817865 INFO pro15 odoo.modules.registry: module my_library: creating or updating database tables 
2022-01-12 03:40:00,608 817865 INFO pro15 odoo.schema: Keep unexpected index library_book_name_index on table library_book 
2022-01-12 03:40:00,608 817865 INFO pro15 odoo.schema: Keep unexpected index library_book_copy_name_index on table library_book_copy 
2022-01-12 03:40:00,832 817865 INFO pro15 odoo.modules.loading: loading my_library/security/groups.xml 
2022-01-12 03:40:00,924 817865 INFO pro15 odoo.modules.loading: loading my_library/security/ir.model.access.csv 
2022-01-12 03:40:01,017 817865 INFO pro15 odoo.modules.loading: loading my_library/views/librarybook.xml 
2022-01-12 03:40:01,121 817865 INFO pro15 odoo.modules.loading: loading my_library/views/library_book_categ.xml 
2022-01-12 03:40:01,180 817865 INFO pro15 odoo.modules.loading: loading my_library/views/library_book_rent.xml 
2022-01-12 03:40:01,368 817865 INFO pro15 odoo.modules.loading: Module my_library loaded in 1.02s, 280 queries 
2022-01-12 03:40:01,396 817865 WARNING pro15 odoo.models: The model salary has no _description 
2022-01-12 03:40:01,397 817865 WARNING pro15 odoo.models: The model intrutor has no _description 
2022-01-12 03:40:01,397 817865 WARNING pro15 odoo.models: The model library.book.category has no _description 
2022-01-12 03:40:01,398 817865 WARNING pro15 odoo.models: The model library.book.rent has no _description 
2022-01-12 03:40:01,473 817865 WARNING pro15 odoo.models: The model salary has no _description 
2022-01-12 03:40:01,474 817865 WARNING pro15 odoo.models: The model intrutor has no _description 
2022-01-12 03:40:01,474 817865 WARNING pro15 odoo.models: The model library.book.category has no _description 
2022-01-12 03:40:01,475 817865 WARNING pro15 odoo.models: The model library.book.rent has no _description 
2022-01-12 03:40:01,526 817865 INFO pro15 odoo.modules.loading: Loading module my_library_return (12/68) 
2022-01-12 03:40:01,992 817865 WARNING pro15 odoo.models: The model library.book.category has no _description 
2022-01-12 03:40:02,082 817865 INFO pro15 odoo.modules.registry: module my_library_return: creating or updating database tables 
2022-01-12 03:40:02,161 817865 INFO pro15 odoo.schema: Keep unexpected index library_book_name_index on table library_book 
2022-01-12 03:40:02,162 817865 INFO pro15 odoo.schema: Keep unexpected index library_book_copy_name_index on table library_book_copy 
2022-01-12 03:40:02,361 817865 INFO pro15 odoo.modules.loading: loading my_library_return/security/ir.model.access.csv 
2022-01-12 03:40:02,463 817865 INFO pro15 odoo.modules.loading: loading my_library_return/views/library_book.xml 
2022-01-12 03:40:02,594 817865 INFO pro15 odoo.modules.loading: Module my_library_return loaded in 1.07s, 113 queries 
2022-01-12 03:40:02,874 817865 WARNING pro15 odoo.models: The model salary has no _description 
2022-01-12 03:40:02,874 817865 WARNING pro15 odoo.models: The model intrutor has no _description 
2022-01-12 03:40:02,875 817865 WARNING pro15 odoo.models: The model library.book.category has no _description 
2022-01-12 03:40:02,875 817865 WARNING pro15 odoo.models: The model library.book.rent has no _description 
2022-01-12 03:40:02,907 817865 WARNING pro15 odoo.models: The model salary has no _description 
2022-01-12 03:40:02,908 817865 WARNING pro15 odoo.models: The model intrutor has no _description 
2022-01-12 03:40:02,908 817865 WARNING pro15 odoo.models: The model library.book.category has no _description 
2022-01-12 03:40:02,909 817865 WARNING pro15 odoo.models: The model library.book.rent has no _description 
2022-01-12 03:40:03,262 817865 WARNING pro15 odoo.models: The model product.pet has no _description 
2022-01-12 03:40:03,870 817865 INFO ? odoo.http: HTTP Configuring static files 
2022-01-12 03:40:04,053 817865 INFO pro15 odoo.modules.loading: 68 modules loaded in 3.72s, 393 queries (+0 extra) 
2022-01-12 03:40:05,441 817865 WARNING pro15 odoo.modules.loading: The model library.book.copy has no access rules, consider adding one. E.g. access_library_book_copy,access_library_book_copy,model_library_book_copy,base.group_user,1,0,0,0 
2022-01-12 03:40:05,817 817865 INFO pro15 odoo.modules.registry: verifying fields for every extended model 
2022-01-12 03:40:05,871 817865 INFO pro15 odoo.schema: Keep unexpected index library_book_copy_name_index on table library_book_copy 
2022-01-12 03:40:05,872 817865 INFO pro15 odoo.schema: Keep unexpected index library_book_name_index on table library_book 
2022-01-12 03:40:07,230 817865 INFO pro15 odoo.modules.loading: Modules loaded. 
2022-01-12 03:40:07,251 817865 INFO pro15 odoo.addons.base.models.ir_http: Generating routing map for key None 
2022-01-12 03:40:10,084 817865 INFO pro15 werkzeug: 127.0.0.1 - - [12/Jan/2022 03:40:10] "GET /web HTTP/1.1" 200 - 602 0.433 5.754
2022-01-12 03:40:10,264 817865 INFO pro15 werkzeug: 127.0.0.1 - - [12/Jan/2022 03:40:10] "GET /web/content/602-577d24e/web.assets_common.js HTTP/1.1" 304 - 2 0.010 0.079
2022-01-12 03:40:10,300 817865 INFO pro15 werkzeug: 127.0.0.1 - - [12/Jan/2022 03:40:10] "GET /web/content/614-51bb2c8/web.assets_backend.js HTTP/1.1" 304 - 2 0.005 0.115
2022-01-12 03:40:10,329 817865 INFO pro15 werkzeug: 127.0.0.1 - - [12/Jan/2022 03:40:10] "GET /web/content/613-51bb2c8/web.assets_backend.css HTTP/1.1" 304 - 2 0.004 0.067
2022-01-12 03:40:10,337 817865 INFO pro15 werkzeug: 127.0.0.1 - - [12/Jan/2022 03:40:10] "GET /web/content/352-b418643/web.assets_backend_prod_only.js HTTP/1.1" 304 - 2 0.032 0.108
2022-01-12 03:40:10,344 817865 INFO pro15 werkzeug: 127.0.0.1 - - [12/Jan/2022 03:40:10] "GET /web/content/600-577d24e/web.assets_common.css HTTP/1.1" 200 - 2 0.005 0.105
2022-01-12 03:40:10,363 817865 INFO pro15 werkzeug: 127.0.0.1 - - [12/Jan/2022 03:40:10] "GET /web/webclient/load_menus/5d278c72274e003ee5f08f4a338371871faee62fc27e9110b90d73f5ef8d3517 HTTP/1.1" 200 - 1 0.000 0.013
2022-01-12 03:40:10,805 817865 INFO pro15 werkzeug: 127.0.0.1 - - [12/Jan/2022 03:40:10] "GET /web/webclient/qweb/e13a93a048b1a127e7e5ee20f514c0cf48cf004c409dfae7577163dd4801d2ef?mods=base,web,base_setup,bus,web_tour,mail,sales_team,product,web_editor,http_routing,auth_signup,portal,resource,digest,account,payment,utm,sale,sale_management,calendar,contacts,crm,barcodes,stock,purchase,my_pet,my_pet_plus,purchase_stock,account_check_printing,auth_totp,auth_totp_portal,base_import,crm_iap_lead,employee_management,iap,l10n_generic_coa,l10n_us,mail_bot,my_library,partner_autocomplete,payment_transfer,sale_stock,sms,snailmail,snailmail_account,web_kanban_gauge,web_unsplash HTTP/1.1" 200 - 1 0.001 0.057
2022-01-12 03:40:10,889 817865 INFO ? werkzeug: 127.0.0.1 - - [12/Jan/2022 03:40:10] "GET /web/static/src/img/favicon.ico HTTP/1.1" 200 - - - -
2022-01-12 03:40:11,006 817865 INFO pro15 werkzeug: 127.0.0.1 - - [12/Jan/2022 03:40:11] "GET /web/webclient/translations/5227498d9df4b403b0244c75aac21e0c091e50ce?mods=base%2Cweb%2Cbase_setup%2Cbus%2Cweb_tour%2Cmail%2Csales_team%2Cproduct%2Cweb_editor%2Chttp_routing%2Cauth_signup%2Cportal%2Cresource%2Cdigest%2Caccount%2Cpayment%2Cutm%2Csale%2Csale_management%2Ccalendar%2Ccontacts%2Ccrm%2Cbarcodes%2Cstock%2Cpurchase%2Cmy_pet%2Cmy_pet_plus%2Cpurchase_stock%2Caccount_check_printing%2Cauth_totp%2Cauth_totp_portal%2Cbase_import%2Ccrm_iap_lead%2Cemployee_management%2Ciap%2Cl10n_generic_coa%2Cl10n_us%2Cmail_bot%2Cmy_library%2Cpartner_autocomplete%2Cpayment_transfer%2Csale_stock%2Csms%2Csnailmail%2Csnailmail_account%2Cweb_kanban_gauge%2Cweb_unsplash&lang=en_US HTTP/1.1" 200 - 4 0.008 0.015
2022-01-12 03:40:11,031 817865 INFO pro15 werkzeug: 127.0.0.1 - - [12/Jan/2022 03:40:11] "GET /web/webclient/locale/en_US HTTP/1.1" 200 - 1 0.000 0.010
2022-01-12 03:40:11,275 817865 INFO ? werkzeug: 127.0.0.1 - - [12/Jan/2022 03:40:11] "GET /web/static/src/xml/debug.xml?debug=1641958811224 HTTP/1.1" 200 - - - -
2022-01-12 03:40:11,392 817865 INFO ? odoo.addons.bus.models.bus: Bus.loop listen imbus on db postgres 
2022-01-12 03:40:11,465 817865 INFO pro15 werkzeug: 127.0.0.1 - - [12/Jan/2022 03:40:11] "POST /web/dataset/call_kw/ir.rule/check_access_rights HTTP/1.1" 200 - 1 0.000 0.066
2022-01-12 03:40:11,472 817865 INFO pro15 werkzeug: 127.0.0.1 - - [12/Jan/2022 03:40:11] "POST /web/dataset/call_kw/ir.model.access/check_access_rights HTTP/1.1" 200 - 1 0.002 0.049
2022-01-12 03:40:11,555 817865 INFO pro15 werkzeug: 127.0.0.1 - - [12/Jan/2022 03:40:11] "POST /web/dataset/call_kw/ir.ui.view/check_access_rights HTTP/1.1" 200 - 2 0.016 0.045
2022-01-12 03:40:11,672 817865 INFO pro15 werkzeug: 127.0.0.1 - - [12/Jan/2022 03:40:11] "POST /web/dataset/call_kw/res.users/systray_get_activities HTTP/1.1" 200 - 18 0.122 0.196
2022-01-12 03:40:11,708 817865 INFO pro15 werkzeug: 127.0.0.1 - - [12/Jan/2022 03:40:11] "GET /web/image?model=res.users&field=image_128&id=2 HTTP/1.1" 200 - 17 0.132 0.159
2022-01-12 03:40:11,767 817865 INFO ? werkzeug: 127.0.0.1 - - [12/Jan/2022 03:40:11] "GET /crm/static/description/icon.png HTTP/1.1" 200 - - - -
2022-01-12 03:40:11,792 817865 INFO ? werkzeug: 127.0.0.1 - - [12/Jan/2022 03:40:11] "GET /account/static/description/icon.png HTTP/1.1" 200 - - - -
2022-01-12 03:40:11,818 817865 INFO ? werkzeug: 127.0.0.1 - - [12/Jan/2022 03:40:11] "GET /purchase/static/description/icon.png HTTP/1.1" 200 - - - -
2022-01-12 03:40:11,822 817865 INFO ? werkzeug: 127.0.0.1 - - [12/Jan/2022 03:40:11] "GET /sale/static/description/icon.png HTTP/1.1" 304 - - - -
2022-01-12 03:40:11,863 817865 INFO pro15 werkzeug: 127.0.0.1 - - [12/Jan/2022 03:40:11] "POST /web/action/load HTTP/1.1" 200 - 24 0.116 0.106
2022-01-12 03:40:11,880 817865 INFO pro15 werkzeug: 127.0.0.1 - - [12/Jan/2022 03:40:11] "POST /mail/init_messaging HTTP/1.1" 200 - 119 0.476 0.273
2022-01-12 03:40:12,041 817865 INFO pro15 werkzeug: 127.0.0.1 - - [12/Jan/2022 03:40:12] "POST /longpolling/im_status HTTP/1.1" 200 - 12 0.021 0.039
2022-01-12 03:40:12,054 817865 INFO pro15 werkzeug: 127.0.0.1 - - [12/Jan/2022 03:40:12] "POST /web/dataset/call_kw/library.book/load_views HTTP/1.1" 200 - 42 0.065 0.105
2022-01-12 03:40:12,101 817865 INFO pro15 werkzeug: 127.0.0.1 - - [12/Jan/2022 03:40:12] "POST /web/dataset/call_kw/library.book/onchange HTTP/1.1" 200 - 3 0.006 0.011
2022-01-12 03:40:12,258 817865 INFO ? werkzeug: 127.0.0.1 - - [12/Jan/2022 03:40:12] "GET /web/static/src/img/form_sheetbg.png HTTP/1.1" 304 - - - -
2022-01-12 03:40:12,278 817865 INFO pro15 werkzeug: 127.0.0.1 - - [12/Jan/2022 03:40:12] "GET /web/image/res.company/1/favicon/ HTTP/1.1" 200 - 11 0.016 0.050
2022-01-12 03:40:12,348 817865 INFO pro15 werkzeug: 127.0.0.1 - - [12/Jan/2022 03:40:12] "POST /calendar/notify HTTP/1.1" 200 - 3 0.007 0.012
2022-01-12 03:40:15,845 817865 INFO pro15 werkzeug: 127.0.0.1 - - [12/Jan/2022 03:40:15] "POST /web/action/load HTTP/1.1" 200 - 23 0.019 0.056
2022-01-12 03:40:15,940 817865 INFO pro15 werkzeug: 127.0.0.1 - - [12/Jan/2022 03:40:15] "POST /web/dataset/call_kw/library.book.rent/load_views HTTP/1.1" 200 - 34 0.020 0.055
2022-01-12 03:40:15,987 817865 INFO pro15 werkzeug: 127.0.0.1 - - [12/Jan/2022 03:40:15] "POST /web/dataset/search_read HTTP/1.1" 200 - 8 0.010 0.016
2022-01-12 03:40:16,016 817865 INFO pro15 werkzeug: 127.0.0.1 - - [12/Jan/2022 03:40:16] "POST /web/dataset/call_kw/res.users/has_group HTTP/1.1" 200 - 2 0.002 0.010
2022-01-12 03:40:17,458 817865 INFO pro15 werkzeug: 127.0.0.1 - - [12/Jan/2022 03:40:17] "POST /web/dataset/call_kw/library.book.rent/onchange HTTP/1.1" 200 - 3 0.003 0.012
2022-01-12 03:40:19,613 817865 INFO pro15 werkzeug: 127.0.0.1 - - [12/Jan/2022 03:40:19] "POST /web/dataset/call_kw/library.book/load_views HTTP/1.1" 200 - 28 0.023 0.067
2022-01-12 03:40:19,662 817865 INFO pro15 werkzeug: 127.0.0.1 - - [12/Jan/2022 03:40:19] "POST /web/dataset/search_read HTTP/1.1" 200 - 6 0.005 0.009
2022-01-12 03:40:26,652 817865 INFO pro15 werkzeug: 127.0.0.1 - - [12/Jan/2022 03:40:26] "POST /web/dataset/search_read HTTP/1.1" 200 - 8 0.005 0.017
2022-01-12 03:40:28,060 817865 INFO pro15 werkzeug: 127.0.0.1 - - [12/Jan/2022 03:40:28] "POST /web/dataset/call_kw/library.book.rent/onchange HTTP/1.1" 200 - 2 0.001 0.011
2022-01-12 03:40:29,890 817865 INFO pro15 werkzeug: 127.0.0.1 - - [12/Jan/2022 03:40:29] "POST /web/dataset/call_kw/library.book/name_search HTTP/1.1" 200 - 5 0.004 0.013
2022-01-12 03:40:40,346 817865 INFO pro15 werkzeug: 127.0.0.1 - - [12/Jan/2022 03:40:40] "POST /web/dataset/search_read HTTP/1.1" 200 - 8 0.016 0.022
2022-01-12 03:40:42,420 817865 INFO pro15 werkzeug: 127.0.0.1 - - [12/Jan/2022 03:40:42] "POST /web/dataset/call_kw/library.book.rent/read HTTP/1.1" 200 - 5 0.004 0.025
2022-01-12 03:40:45,967 817865 INFO pro15 werkzeug: 127.0.0.1 - - [12/Jan/2022 03:40:45] "POST /web/dataset/search_read HTTP/1.1" 200 - 8 0.005 0.020
2022-01-12 03:40:48,894 817865 INFO pro15 werkzeug: 127.0.0.1 - - [12/Jan/2022 03:40:48] "POST /web/dataset/call_kw/library.book.rent/onchange HTTP/1.1" 200 - 2 0.001 0.009
2022-01-12 03:41:01,390 817865 INFO pro15 werkzeug: 127.0.0.1 - - [12/Jan/2022 03:41:01] "POST /longpolling/poll HTTP/1.1" 200 - 21 0.107 50.088
2022-01-12 03:41:02,091 817865 INFO pro15 werkzeug: 127.0.0.1 - - [12/Jan/2022 03:41:02] "POST /longpolling/im_status HTTP/1.1" 200 - 12 0.009 0.023
2022-01-12 03:41:09,008 817865 INFO pro15 werkzeug: 127.0.0.1 - - [12/Jan/2022 03:41:09] "POST /web/dataset/call_kw/library.book/name_search HTTP/1.1" 200 - 5 0.003 0.011
2022-01-12 03:41:12,545 817865 INFO pro15 werkzeug: 127.0.0.1 - - [12/Jan/2022 03:41:12] "POST /web/dataset/call_kw/library.book/name_search HTTP/1.1" 200 - 5 0.004 0.012
2022-01-12 03:41:13,804 817865 INFO pro15 werkzeug: 127.0.0.1 - - [12/Jan/2022 03:41:13] "POST /web/dataset/call_kw/library.book/name_search HTTP/1.1" 200 - 5 0.003 0.010
2022-01-12 03:41:14,782 817865 INFO pro15 werkzeug: 127.0.0.1 - - [12/Jan/2022 03:41:14] "POST /web/dataset/call_kw/library.book/name_search HTTP/1.1" 200 - 5 0.004 0.009
2022-01-12 03:41:15,555 817865 INFO pro15 werkzeug: 127.0.0.1 - - [12/Jan/2022 03:41:15] "POST /web/dataset/call_kw/library.book/name_search HTTP/1.1" 200 - 5 0.004 0.010
2022-01-12 03:41:16,514 817865 INFO pro15 werkzeug: 127.0.0.1 - - [12/Jan/2022 03:41:16] "POST /web/dataset/call_kw/library.book/name_search HTTP/1.1" 200 - 5 0.004 0.013
2022-01-12 03:41:19,385 817865 INFO pro15 werkzeug: 127.0.0.1 - - [12/Jan/2022 03:41:19] "POST /web/dataset/call_kw/library.book/name_search HTTP/1.1" 200 - 4 0.004 0.009
2022-01-12 03:41:19,648 817865 INFO pro15 werkzeug: 127.0.0.1 - - [12/Jan/2022 03:41:19] "POST /web/dataset/call_kw/library.book/name_search HTTP/1.1" 200 - 4 0.003 0.009
2022-01-12 03:41:20,257 817865 INFO pro15 werkzeug: 127.0.0.1 - - [12/Jan/2022 03:41:20] "POST /web/dataset/call_kw/library.book/name_search HTTP/1.1" 200 - 4 0.003 0.009
2022-01-12 03:41:20,518 817865 INFO pro15 werkzeug: 127.0.0.1 - - [12/Jan/2022 03:41:20] "POST /web/dataset/call_kw/library.book/name_search HTTP/1.1" 200 - 4 0.003 0.011
2022-01-12 03:41:20,984 817865 INFO pro15 werkzeug: 127.0.0.1 - - [12/Jan/2022 03:41:20] "POST /web/dataset/call_kw/library.book/name_search HTTP/1.1" 200 - 4 0.003 0.009
2022-01-12 03:41:21,943 817865 INFO ? werkzeug: 127.0.0.1 - - [12/Jan/2022 03:41:21] "GET /web/static/src/xml/dialog.xml?debug=1641958881935 HTTP/1.1" 200 - - - -
2022-01-12 03:41:26,080 817865 INFO pro15 werkzeug: 127.0.0.1 - - [12/Jan/2022 03:41:26] "POST /web/dataset/call_kw/library.book/name_search HTTP/1.1" 200 - 5 0.004 0.011
2022-01-12 03:41:27,494 817865 INFO pro15 werkzeug: 127.0.0.1 - - [12/Jan/2022 03:41:27] "POST /web/dataset/call_kw/library.book/name_search HTTP/1.1" 200 - 4 0.003 0.009
2022-01-12 03:41:27,946 817865 INFO pro15 werkzeug: 127.0.0.1 - - [12/Jan/2022 03:41:27] "POST /web/dataset/call_kw/library.book/name_search HTTP/1.1" 200 - 4 0.003 0.008
2022-01-12 03:41:28,550 817865 INFO pro15 werkzeug: 127.0.0.1 - - [12/Jan/2022 03:41:28] "POST /web/dataset/call_kw/library.book/name_search HTTP/1.1" 200 - 4 0.003 0.010
2022-01-12 03:41:28,790 817865 INFO pro15 werkzeug: 127.0.0.1 - - [12/Jan/2022 03:41:28] "POST /web/dataset/call_kw/library.book/name_search HTTP/1.1" 200 - 4 0.003 0.009
2022-01-12 03:41:29,387 817865 INFO pro15 werkzeug: 127.0.0.1 - - [12/Jan/2022 03:41:29] "POST /web/dataset/call_kw/library.book/name_search HTTP/1.1" 200 - 4 0.004 0.009
2022-01-12 03:41:30,629 817865 INFO pro15 werkzeug: 127.0.0.1 - - [12/Jan/2022 03:41:30] "POST /web/dataset/call_kw/library.book/name_create HTTP/1.1" 200 - 5 0.005 0.018
2022-01-12 03:41:31,421 817865 INFO pro15 werkzeug: 127.0.0.1 - - [12/Jan/2022 03:41:31] "POST /web/dataset/call_kw/res.partner/name_search HTTP/1.1" 200 - 9 0.008 0.027
2022-01-12 03:41:37,423 817865 INFO pro15 werkzeug: 127.0.0.1 - - [12/Jan/2022 03:41:37] "POST /web/dataset/call_kw/library.book.rent/create HTTP/1.1" 200 - 11 0.011 0.028
2022-01-12 03:41:37,613 817865 INFO pro15 werkzeug: 127.0.0.1 - - [12/Jan/2022 03:41:37] "POST /web/dataset/call_kw/library.book.rent/read HTTP/1.1" 200 - 5 0.004 0.138
2022-01-12 03:41:37,646 817865 ERROR pro15 odoo.http: Exception during JSON request handling. 
Traceback (most recent call last):
  File "/home/thinhnv/Desktop/Odoo/99.Odoo14/server/odoo/addons/base/models/ir_http.py", line 237, in _dispatch
    result = request.dispatch()
  File "/home/thinhnv/Desktop/Odoo/99.Odoo14/server/odoo/http.py", line 684, in dispatch
    result = self._call_function(**self.params)
  File "/home/thinhnv/Desktop/Odoo/99.Odoo14/server/odoo/http.py", line 360, in _call_function
    return checked_call(self.db, *args, **kwargs)
  File "/home/thinhnv/Desktop/Odoo/99.Odoo14/server/odoo/service/model.py", line 94, in wrapper
    return f(dbname, *args, **kwargs)
  File "/home/thinhnv/Desktop/Odoo/99.Odoo14/server/odoo/http.py", line 348, in checked_call
    result = self.endpoint(*a, **kw)
  File "/home/thinhnv/Desktop/Odoo/99.Odoo14/server/odoo/http.py", line 913, in __call__
    return self.method(*args, **kw)
  File "/home/thinhnv/Desktop/Odoo/99.Odoo14/server/odoo/http.py", line 532, in response_wrap
    response = f(*args, **kw)
  File "/home/thinhnv/Desktop/Odoo/99.Odoo14/server/addons/web/controllers/main.py", line 1396, in call_button
    action = self._call_kw(model, method, args, kwargs)
  File "/home/thinhnv/Desktop/Odoo/99.Odoo14/server/addons/web/controllers/main.py", line 1384, in _call_kw
    return call_kw(request.env[model], method, args, kwargs)
  File "/home/thinhnv/Desktop/Odoo/99.Odoo14/server/odoo/api.py", line 399, in call_kw
    result = _call_kw_multi(method, model, args, kwargs)
  File "/home/thinhnv/Desktop/Odoo/99.Odoo14/server/odoo/api.py", line 386, in _call_kw_multi
    result = method(recs, *args, **kwargs)
  File "/home/thinhnv/Desktop/Odoo/99.Odoo14/myAddon/my_library/models/library_book_rent.py", line 30, in book_lost
    self.sudo().state = 'lost'
  File "/home/thinhnv/Desktop/Odoo/99.Odoo14/server/odoo/fields.py", line 1129, in __set__
    records.write({self.name: write_value})
  File "/home/thinhnv/Desktop/Odoo/99.Odoo14/server/odoo/models.py", line 3672, in write
    field.write(self, vals[fname])
  File "/home/thinhnv/Desktop/Odoo/99.Odoo14/server/odoo/fields.py", line 930, in write
    cache_value = self.convert_to_cache(value, records)
  File "/home/thinhnv/Desktop/Odoo/99.Odoo14/server/odoo/fields.py", line 2416, in convert_to_cache
    raise ValueError("Wrong value for %s: %r" % (self, value))
Exception

The above exception was the direct cause of the following exception:

Traceback (most recent call last):
  File "/home/thinhnv/Desktop/Odoo/99.Odoo14/server/odoo/http.py", line 640, in _handle_exception
    return super(JsonRequest, self)._handle_exception(exception)
  File "/home/thinhnv/Desktop/Odoo/99.Odoo14/server/odoo/http.py", line 316, in _handle_exception
    raise exception.with_traceback(None) from new_cause
ValueError: Wrong value for library.book.rent.state: 'lost'
2022-01-12 03:41:37,662 817865 INFO pro15 werkzeug: 127.0.0.1 - - [12/Jan/2022 03:41:37] "POST /web/dataset/call_button HTTP/1.1" 200 - 1 0.000 0.030
2022-01-12 03:41:37,820 817865 INFO ? werkzeug: 127.0.0.1 - - [12/Jan/2022 03:41:37] "GET /web/static/src/xml/crash_manager.xml?debug=1641958897798 HTTP/1.1" 200 - - - -
2022-01-12 03:41:51,452 817865 INFO pro15 werkzeug: 127.0.0.1 - - [12/Jan/2022 03:41:51] "POST /longpolling/poll HTTP/1.1" 200 - 19 0.017 50.032
2022-01-12 03:41:52,139 817865 INFO pro15 werkzeug: 127.0.0.1 - - [12/Jan/2022 03:41:52] "POST /longpolling/im_status HTTP/1.1" 200 - 12 0.009 0.029
2022-01-12 03:42:02,959 817865 INFO pro15 werkzeug: 127.0.0.1 - - [12/Jan/2022 03:42:02] "POST /web/dataset/call_button HTTP/1.1" 200 - 9 0.005 0.021
2022-01-12 03:42:03,005 817865 INFO pro15 werkzeug: 127.0.0.1 - - [12/Jan/2022 03:42:03] "POST /web/dataset/call_kw/library.book.rent/read HTTP/1.1" 200 - 5 0.007 0.021
2022-01-12 03:42:07,439 817865 INFO pro15 odoo.addons.base.models.ir_cron: Starting job `Post process payment transactions`. 
2022-01-12 03:42:07,486 817865 INFO pro15 odoo.addons.base.models.ir_cron: Job `Post process payment transactions` done. 
2022-01-12 03:42:12,012 817865 INFO pro15 werkzeug: 127.0.0.1 - - [12/Jan/2022 03:42:12] "POST /web/dataset/search_read HTTP/1.1" 200 - 8 0.005 0.016
2022-01-12 03:42:13,407 817865 INFO pro15 werkzeug: 127.0.0.1 - - [12/Jan/2022 03:42:13] "POST /web/dataset/search_read HTTP/1.1" 200 - 6 0.005 0.011
2022-01-12 03:42:16,339 817865 INFO pro15 werkzeug: 127.0.0.1 - - [12/Jan/2022 03:42:16] "POST /web/action/load HTTP/1.1" 200 - 14 0.013 0.049
2022-01-12 03:42:16,462 817865 INFO pro15 werkzeug: 127.0.0.1 - - [12/Jan/2022 03:42:16] "POST /web/dataset/call_kw/library.book.category/load_views HTTP/1.1" 200 - 31 0.029 0.059
2022-01-12 03:42:16,522 817865 INFO pro15 werkzeug: 127.0.0.1 - - [12/Jan/2022 03:42:16] "POST /web/dataset/search_read HTTP/1.1" 200 - 6 0.009 0.014
2022-01-12 03:42:17,581 817865 INFO pro15 werkzeug: 127.0.0.1 - - [12/Jan/2022 03:42:17] "POST /web/dataset/search_read HTTP/1.1" 200 - 6 0.005 0.010
2022-01-12 03:42:20,271 817865 INFO pro15 werkzeug: 127.0.0.1 - - [12/Jan/2022 03:42:20] "POST /web/dataset/search_read HTTP/1.1" 200 - 6 0.006 0.013
2022-01-12 03:42:21,055 817865 INFO pro15 werkzeug: 127.0.0.1 - - [12/Jan/2022 03:42:21] "POST /web/dataset/search_read HTTP/1.1" 200 - 6 0.004 0.009
2022-01-12 03:42:21,955 817865 INFO pro15 werkzeug: 127.0.0.1 - - [12/Jan/2022 03:42:21] "POST /web/dataset/call_kw/library.book/onchange HTTP/1.1" 200 - 2 0.001 0.011
2022-01-12 03:42:41,535 817865 INFO pro15 werkzeug: 127.0.0.1 - - [12/Jan/2022 03:42:41] "POST /longpolling/poll HTTP/1.1" 200 - 19 0.022 50.044
2022-01-12 03:42:42,186 817865 INFO pro15 werkzeug: 127.0.0.1 - - [12/Jan/2022 03:42:42] "POST /longpolling/im_status HTTP/1.1" 200 - 12 0.009 0.026
2022-01-12 03:42:45,136 817865 INFO pro15 werkzeug: 127.0.0.1 - - [12/Jan/2022 03:42:45] "POST /web/dataset/search_read HTTP/1.1" 200 - 6 0.004 0.011
2022-01-12 03:42:47,255 817865 INFO pro15 werkzeug: 127.0.0.1 - - [12/Jan/2022 03:42:47] "POST /web/dataset/search_read HTTP/1.1" 200 - 6 0.005 0.010
2022-01-12 03:42:48,665 817865 INFO pro15 werkzeug: 127.0.0.1 - - [12/Jan/2022 03:42:48] "POST /web/dataset/call_kw/library.book.category/load_views HTTP/1.1" 200 - 8 0.006 0.020
2022-01-12 03:42:48,740 817865 INFO pro15 werkzeug: 127.0.0.1 - - [12/Jan/2022 03:42:48] "POST /web/dataset/call_kw/library.book.category/onchange HTTP/1.1" 200 - 3 0.002 0.010
2022-01-12 03:42:56,291 817865 INFO pro15 werkzeug: 127.0.0.1 - - [12/Jan/2022 03:42:56] "POST /web/dataset/search_read HTTP/1.1" 200 - 6 0.005 0.013
